Archive member included to satisfy reference by file (symbol)

../Middlewares/ST/AI/Lib\NetworkRuntime800_CM7_GCC.a(ai_platform.o)
                              ./X-CUBE-AI/App/sine_model.o (ai_buffer_array_item_set_address)
../Middlewares/ST/AI/Lib\NetworkRuntime800_CM7_GCC.a(ai_platform_interface.o)
                              ./X-CUBE-AI/App/sine_model.o (ai_platform_get_weights_map)
../Middlewares/ST/AI/Lib\NetworkRuntime800_CM7_GCC.a(core_mem_manager.o)
                              ../Middlewares/ST/AI/Lib\NetworkRuntime800_CM7_GCC.a(ai_platform_interface.o) (core_mem_alloc)
../Middlewares/ST/AI/Lib\NetworkRuntime800_CM7_GCC.a(core_common.o)
                              ../Middlewares/ST/AI/Lib\NetworkRuntime800_CM7_GCC.a(ai_platform_interface.o) (core_init)
../Middlewares/ST/AI/Lib\NetworkRuntime800_CM7_GCC.a(layers_conv2d_generic_float.o)
                              ./X-CUBE-AI/App/sine_model.o (forward_dense)
../Middlewares/ST/AI/Lib\NetworkRuntime800_CM7_GCC.a(layers_nl_generic_float.o)
                              ./X-CUBE-AI/App/sine_model.o (forward_relu)
../Middlewares/ST/AI/Lib\NetworkRuntime800_CM7_GCC.a(layers.o)
                              ../Middlewares/ST/AI/Lib\NetworkRuntime800_CM7_GCC.a(ai_platform_interface.o) (ai_check_custom_types)
../Middlewares/ST/AI/Lib\NetworkRuntime800_CM7_GCC.a(lite_dense_if32.o)
                              ../Middlewares/ST/AI/Lib\NetworkRuntime800_CM7_GCC.a(layers_conv2d_generic_float.o) (lite_dense_if32of32wf32)
../Middlewares/ST/AI/Lib\NetworkRuntime800_CM7_GCC.a(ai_math_helpers.o)
                              ../Middlewares/ST/AI/Lib\NetworkRuntime800_CM7_GCC.a(layers_nl_generic_float.o) (ai_math_sqrt)
../Middlewares/ST/AI/Lib\NetworkRuntime800_CM7_GCC.a(st_convolve_reference.o)
                              ../Middlewares/ST/AI/Lib\NetworkRuntime800_CM7_GCC.a(ai_math_helpers.o) (align_factor)
../Middlewares/ST/AI/Lib\NetworkRuntime800_CM7_GCC.a(arm_mat_init_f32.o)
                              ../Middlewares/ST/AI/Lib\NetworkRuntime800_CM7_GCC.a(layers_conv2d_generic_float.o) (arm_mat_init_f32)
../Middlewares/ST/AI/Lib\NetworkRuntime800_CM7_GCC.a(ai_datatypes_internal.o)
                              ../Middlewares/ST/AI/Lib\NetworkRuntime800_CM7_GCC.a(ai_platform_interface.o) (ai_version_get)
../Middlewares/ST/AI/Lib\NetworkRuntime800_CM7_GCC.a(ai_datatypes_format.o)
                              ../Middlewares/ST/AI/Lib\NetworkRuntime800_CM7_GCC.a(ai_platform_interface.o) (ai_array_to_buffer_fmt)
../Middlewares/ST/AI/Lib\NetworkRuntime800_CM7_GCC.a(layers_conv2d_stm32_integer.o)
                              ../Middlewares/ST/AI/Lib\NetworkRuntime800_CM7_GCC.a(layers.o) (get_conv2d_scratch_size)
../Middlewares/ST/AI/Lib\NetworkRuntime800_CM7_GCC.a(st_ssua8_convolve_dw.o)
                              ../Middlewares/ST/AI/Lib\NetworkRuntime800_CM7_GCC.a(layers_conv2d_stm32_integer.o) (st_ssua8_conv_dw_Wadapt)
../Middlewares/ST/AI/Lib\NetworkRuntime800_CM7_GCC.a(st_uaua8_ch_convolve.o)
                              ../Middlewares/ST/AI/Lib\NetworkRuntime800_CM7_GCC.a(layers_conv2d_stm32_integer.o) (st_uaua8_ch_convolve_rank1upd)
../Middlewares/ST/AI/Lib\NetworkRuntime800_CM7_GCC.a(st_ssua8_ch_convolve.o)
                              ../Middlewares/ST/AI/Lib\NetworkRuntime800_CM7_GCC.a(layers_conv2d_stm32_integer.o) (st_ssua8_ch_convolve_rank1upd)
../Middlewares/ST/AI/Lib\NetworkRuntime800_CM7_GCC.a(st_uaua8_convolve.o)
                              ../Middlewares/ST/AI/Lib\NetworkRuntime800_CM7_GCC.a(layers_conv2d_stm32_integer.o) (st_uaua8_convolve_rank1upd)
../Middlewares/ST/AI/Lib\NetworkRuntime800_CM7_GCC.a(st_ssua8_convolve.o)
                              ../Middlewares/ST/AI/Lib\NetworkRuntime800_CM7_GCC.a(layers_conv2d_stm32_integer.o) (st_ssua8_convolve_rank1upd)
../Middlewares/ST/AI/Lib\NetworkRuntime800_CM7_GCC.a(st_uaua8_ch_convolve_rgb.o)
                              ../Middlewares/ST/AI/Lib\NetworkRuntime800_CM7_GCC.a(layers_conv2d_stm32_integer.o) (st_uaua8_ch_convolve_rgb)
../Middlewares/ST/AI/Lib\NetworkRuntime800_CM7_GCC.a(st_uaua8_ch_convolve_dw.o)
                              ../Middlewares/ST/AI/Lib\NetworkRuntime800_CM7_GCC.a(layers_conv2d_stm32_integer.o) (st_uaua8_ch_conv_dw_Wadapt)
../Middlewares/ST/AI/Lib\NetworkRuntime800_CM7_GCC.a(st_ssua8_ch_convolve_rgb.o)
                              ../Middlewares/ST/AI/Lib\NetworkRuntime800_CM7_GCC.a(layers_conv2d_stm32_integer.o) (st_ssua8_ch_convolve_rgb)
../Middlewares/ST/AI/Lib\NetworkRuntime800_CM7_GCC.a(st_uaua8_convolve_rgb.o)
                              ../Middlewares/ST/AI/Lib\NetworkRuntime800_CM7_GCC.a(layers_conv2d_stm32_integer.o) (st_uaua8_convolve_rgb)
../Middlewares/ST/AI/Lib\NetworkRuntime800_CM7_GCC.a(st_ssua8_convolve_rgb.o)
                              ../Middlewares/ST/AI/Lib\NetworkRuntime800_CM7_GCC.a(layers_conv2d_stm32_integer.o) (st_ssua8_convolve_rgb)
../Middlewares/ST/AI/Lib\NetworkRuntime800_CM7_GCC.a(st_uaua8_ch_convolve_1x1.o)
[...]
Memory Configuration

Name             Origin             Length             Attributes
FLASH            0x0000000008000000 0x0000000000200000 xr
DTCMRAM          0x0000000020000000 0x0000000000020000 xrw
RAM_D1           0x0000000024000000 0x0000000000080000 xrw
RAM_D2           0x0000000030000000 0x0000000000048000 xrw
RAM_D3           0x0000000038000000 0x0000000000010000 xrw
ITCMRAM          0x0000000000000000 0x0000000000010000 xrw
*default*        0x0000000000000000 0xffffffffffffffff

Linker script and memory map

LOAD c:/st/stm32cubeide_1.11.2/stm32cubeide/plugins/com.st.stm32cube.ide.mcu.externaltools.gnu-tools-for-stm32.10.3-2021.10.win32_1.0.100.202210260954/tools/bin/../lib/gcc/arm-none-eabi/10.3.1/thumb/v7e-m+dp/hard/crti.o
LOAD c:/st/stm32cubeide_1.11.2/stm32cubeide/plugins/com.st.stm32cube.ide.mcu.externaltools.gnu-tools-for-stm32.10.3-2021.10.win32_1.0.100.202210260954/tools/bin/../lib/gcc/arm-none-eabi/10.3.1/thumb/v7e-m+dp/hard/crtbegin.o
LOAD c:/st/stm32cubeide_1.11.2/stm32cubeide/plugins/com.st.stm32cube.ide.mcu.externaltools.gnu-tools-for-stm32.10.3-2021.10.win32_1.0.100.202210260954/tools/bin/../lib/gcc/arm-none-eabi/10.3.1/../../../../arm-none-eabi/lib/thumb/v7e-m+dp/hard/crt0.o
LOAD ./Core/Src/main.o
LOAD ./Core/Src/stm32h7xx_hal_msp.o
LOAD ./Core/Src/stm32h7xx_it.o
LOAD ./Core/Src/sysmem.o
LOAD ./Core/Src/system_stm32h7xx.o
LOAD ./Core/Startup/startup_stm32h743zitx.o
LOAD ./Drivers/STM32H7xx_HAL_Driver/Src/stm32h7xx_hal.o
LOAD ./Drivers/STM32H7xx_HAL_Driver/Src/stm32h7xx_hal_cortex.o
LOAD ./Drivers/STM32H7xx_HAL_Driver/Src/stm32h7xx_hal_crc.o
LOAD ./Drivers/STM32H7xx_HAL_Driver/Src/stm32h7xx_hal_crc_ex.o
LOAD ./Drivers/STM32H7xx_HAL_Driver/Src/stm32h7xx_hal_dma.o
LOAD ./Drivers/STM32H7xx_HAL_Driver/Src/stm32h7xx_hal_dma_ex.o
LOAD ./Drivers/STM32H7xx_HAL_Driver/Src/stm32h7xx_hal_exti.o
LOAD ./Drivers/STM32H7xx_HAL_Driver/Src/stm32h7xx_hal_flash.o
LOAD ./Drivers/STM32H7xx_HAL_Driver/Src/stm32h7xx_hal_flash_ex.o
LOAD ./Drivers/STM32H7xx_HAL_Driver/Src/stm32h7xx_hal_gpio.o
LOAD ./Drivers/STM32H7xx_HAL_Driver/Src/stm32h7xx_hal_hsem.o
LOAD ./Drivers/STM32H7xx_HAL_Driver/Src/stm32h7xx_hal_i2c.o
LOAD ./Drivers/STM32H7xx_HAL_Driver/Src/stm32h7xx_hal_i2c_ex.o
LOAD ./Drivers/STM32H7xx_HAL_Driver/Src/stm32h7xx_hal_mdma.o
LOAD ./Drivers/STM32H7xx_HAL_Driver/Src/stm32h7xx_hal_pwr.o
LOAD ./Drivers/STM32H7xx_HAL_Driver/Src/stm32h7xx_hal_pwr_ex.o
LOAD ./Drivers/STM32H7xx_HAL_Driver/Src/stm32h7xx_hal_rcc.o
LOAD ./Drivers/STM32H7xx_HAL_Driver/Src/stm32h7xx_hal_rcc_ex.o
LOAD ./Drivers/STM32H7xx_HAL_Driver/Src/stm32h7xx_hal_tim.o
LOAD ./Drivers/STM32H7xx_HAL_Driver/Src/stm32h7xx_hal_tim_ex.o
LOAD ./Drivers/STM32H7xx_HAL_Driver/Src/stm32h7xx_hal_uart.o
LOAD ./Drivers/STM32H7xx_HAL_Driver/Src/stm32h7xx_hal_uart_ex.o
LOAD ./X-CUBE-AI/App/sine_model.o
LOAD ./X-CUBE-AI/App/sine_model_data.o
LOAD ./X-CUBE-AI/App/sine_model_data_params.o
LOAD ../Middlewares/ST/AI/Lib\NetworkRuntime800_CM7_GCC.a
START GROUP
LOAD c:/st/stm32cubeide_1.11.2/stm32cubeide/plugins/com.st.stm32cube.ide.mcu.externaltools.gnu-tools-for-stm32.10.3-2021.10.win32_1.0.100.202210260954/tools/bin/../lib/gcc/arm-none-eabi/10.3.1/../../../../arm-none-eabi/lib/thumb/v7e-m+dp/hard\libc_nano.a
LOAD c:/st/stm32cubeide_1.11.2/stm32cubeide/plugins/com.st.stm32cube.ide.mcu.externaltools.gnu-tools-for-stm32.10.3-2021.10.win32_1.0.100.202210260954/tools/bin/../lib/gcc/arm-none-eabi/10.3.1/../../../../arm-none-eabi/lib/thumb/v7e-m+dp/hard\libm.a
END GROUP
START GROUP
LOAD c:/st/stm32cubeide_1.11.2/stm32cubeide/plugins/com.st.stm32cube.ide.mcu.externaltools.gnu-tools-for-stm32.10.3-2021.10.win32_1.0.100.202210260954/tools/bin/../lib/gcc/arm-none-eabi/10.3.1/thumb/v7e-m+dp/hard\libgcc.a
LOAD c:/st/stm32cubeide_1.11.2/stm32cubeide/plugins/com.st.stm32cube.ide.mcu.externaltools.gnu-tools-for-stm32.10.3-2021.10.win32_1.0.100.202210260954/tools/bin/../lib/gcc/arm-none-eabi/10.3.1/../../../../arm-none-eabi/lib/thumb/v7e-m+dp/hard\libc_nano.a
END GROUP
START GROUP
LOAD c:/st/stm32cubeide_1.11.2/stm32cubeide/plugins/com.st.stm32cube.ide.mcu.externaltools.gnu-tools-for-stm32.10.3-2021.10.win32_1.0.100.202210260954/tools/bin/../lib/gcc/arm-none-eabi/10.3.1/thumb/v7e-m+dp/hard\libgcc.a
LOAD c:/st/stm32cubeide_1.11.2/stm32cubeide/plugins/com.st.stm32cube.ide.mcu.externaltools.gnu-tools-for-stm32.10.3-2021.10.win32_1.0.100.202210260954/tools/bin/../lib/gcc/arm-none-eabi/10.3.1/../../../../arm-none-eabi/lib/thumb/v7e-m+dp/hard\libc_nano.a
LOAD c:/st/stm32cubeide_1.11.2/stm32cubeide/plugins/com.st.stm32cube.ide.mcu.externaltools.gnu-tools-for-stm32.10.3-2021.10.win32_1.0.100.202210260954/tools/bin/../lib/gcc/arm-none-eabi/10.3.1/../../../../arm-none-eabi/lib/thumb/v7e-m+dp/hard\libnosys.a
END GROUP
START GROUP
LOAD c:/st/stm32cubeide_1.11.2/stm32cubeide/plugins/com.st.stm32cube.ide.mcu.externaltools.gnu-tools-for-stm32.10.3-2021.10.win32_1.0.100.202210260954/tools/bin/../lib/gcc/arm-none-eabi/10.3.1/thumb/v7e-m+dp/hard\libgcc.a
LOAD c:/st/stm32cubeide_1.11.2/stm32cubeide/plugins/com.st.stm32cube.ide.mcu.externaltools.gnu-tools-for-stm32.10.3-2021.10.win32_1.0.100.202210260954/tools/bin/../lib/gcc/arm-none-eabi/10.3.1/../../../../arm-none-eabi/lib/thumb/v7e-m+dp/hard\libc_nano.a
LOAD c:/st/stm32cubeide_1.11.2/stm32cubeide/plugins/com.st.stm32cube.ide.mcu.externaltools.gnu-tools-for-stm32.10.3-2021.10.win32_1.0.100.202210260954/tools/bin/../lib/gcc/arm-none-eabi/10.3.1/../../../../arm-none-eabi/lib/thumb/v7e-m+dp/hard\libnosys.a
END GROUP
LOAD c:/st/stm32cubeide_1.11.2/stm32cubeide/plugins/com.st.stm32cube.ide.mcu.externaltools.gnu-tools-for-stm32.10.3-2021.10.win32_1.0.100.202210260954/tools/bin/../lib/gcc/arm-none-eabi/10.3.1/thumb/v7e-m+dp/hard/crtend.o
LOAD c:/st/stm32cubeide_1.11.2/stm32cubeide/plugins/com.st.stm32cube.ide.mcu.externaltools.gnu-tools-for-stm32.10.3-2021.10.win32_1.0.100.202210260954/tools/bin/../lib/gcc/arm-none-eabi/10.3.1/thumb/v7e-m+dp/hard/crtn.o
                0x0000000024080000                _estack = (ORIGIN (RAM_D1) + LENGTH (RAM_D1))
                0x0000000000002000                _Min_Heap_Size = 0x2000
                0x0000000000000800                _Min_Stack_Size = 0x800

.isr_vector     0x0000000008000000      0x298
                0x0000000008000000                . = ALIGN (0x4)
 *(.isr_vector)
 .isr_vector    0x0000000008000000      0x298 ./Core/Startup/startup_stm32h743zitx.o
                0x0000000008000000                g_pfnVectors
                0x0000000008000298                . = ALIGN (0x4)

.text           0x00000000080002a0     0xb15c
                0x00000000080002a0                . = ALIGN (0x4)
 *(.text)
 .text          0x00000000080002a0       0x40 c:/st/stm32cubeide_1.11.2/stm32cubeide/plugins/com.st.stm32cube.ide.mcu.externaltools.gnu-tools-for-stm32.10.3-2021.10.win32_1.0.100.202210260954/tools/bin/../lib/gcc/arm-none-eabi/10.3.1/thumb/v7e-m+dp/hard/crtbegin.o
 .text          0x00000000080002e0       0x10 c:/st/stm32cubeide_1.11.2/stm32cubeide/plugins/com.st.stm32cube.ide.mcu.externaltools.gnu-tools-for-stm32.10.3-2021.10.win32_1.0.100.202210260954/tools/bin/../lib/gcc/arm-none-eabi/10.3.1/../../../../arm-none-eabi/lib/thumb/v7e-m+dp/hard\libc_nano.a(lib_a-strlen.o)
                0x00000000080002e0                strlen
 .text          0x00000000080002f0       0xa0 c:/st/stm32cubeide_1.11.2/stm32cubeide/plugins/com.st.stm32cube.ide.mcu.externaltools.gnu-tools-for-stm32.10.3-2021.10.win32_1.0.100.202210260954/tools/bin/../lib/gcc/arm-none-eabi/10.3.1/../../../../arm-none-eabi/lib/thumb/v7e-m+dp/hard\libc_nano.a(lib_a-memchr.o)
                0x00000000080002f0                memchr
 .text          0x0000000008000390       0x30 c:/st/stm32cubeide_1.11.2/stm32cubeide/plugins/com.st.stm32cube.ide.mcu.externaltools.gnu-tools-for-stm32.10.3-2021.10.win32_1.0.100.202210260954/tools/bin/../lib/gcc/arm-none-eabi/10.3.1/thumb/v7e-m+dp/hard\libgcc.a(_aeabi_uldivmod.o)
                0x0000000008000390                __aeabi_uldivmod
 .text          0x00000000080003c0      0x2d0 c:/st/stm32cubeide_1.11.2/stm32cubeide/plugins/com.st.stm32cube.ide.mcu.externaltools.gnu-tools-for-stm32.10.3-2021.10.win32_1.0.100.202210260954/tools/bin/../lib/gcc/arm-none-eabi/10.3.1/thumb/v7e-m+dp/hard\libgcc.a(_udivmoddi4.o)
                0x00000000080003c0                __udivmoddi4
 .text          0x0000000008000690        0x4 c:/st/stm32cubeide_1.11.2/stm32cubeide/plugins/com.st.stm32cube.ide.mcu.externaltools.gnu-tools-for-stm32.10.3-2021.10.win32_1.0.100.202210260954/tools/bin/../lib/gcc/arm-none-eabi/10.3.1/thumb/v7e-m+dp/hard\libgcc.a(_dvmd_tls.o)
                0x0000000008000690                __aeabi_idiv0
                0x0000000008000690                __aeabi_ldiv0
 *(.text*)
 .text.main     0x0000000008000694      0x428 ./Core/Src/main.o
                0x0000000008000694                main
 .text.SystemClock_Config
                0x0000000008000abc      0x160 ./Core/Src/main.o
                0x0000000008000abc                SystemClock_Config
 .text.MX_CRC_Init
                0x0000000008000c1c       0x44 ./Core/Src/main.o
 .text.MX_TIM1_Init
                0x0000000008000c60       0xa4 ./Core/Src/main.o
 .text.MX_TIM16_Init
                0x0000000008000d04       0x4c ./Core/Src/main.o
 .text.MX_USART3_UART_Init
                0x0000000008000d50       0x98 ./Core/Src/main.o
 .text.MX_GPIO_Init
                0x0000000008000de8      0x130 ./Core/Src/main.o
 .text.Error_Handler
                0x0000000008000f18        0xa ./Core/Src/main.o
                0x0000000008000f18                Error_Handler
 *fill*         0x0000000008000f22        0x2 
 .text.HAL_MspInit
                0x0000000008000f24       0x34 ./Core/Src/stm32h7xx_hal_msp.o
                0x0000000008000f24                HAL_MspInit
 .text.HAL_CRC_MspInit
                0x0000000008000f58       0x44 ./Core/Src/stm32h7xx_hal_msp.o
                0x0000000008000f58                HAL_CRC_MspInit
 .text.HAL_TIM_Base_MspInit
                0x0000000008000f9c       0x74 ./Core/Src/stm32h7xx_hal_msp.o
                0x0000000008000f9c                HAL_TIM_Base_MspInit
 .text.HAL_UART_MspInit
                0x0000000008001010       0xd4 ./Core/Src/stm32h7xx_hal_msp.o
                0x0000000008001010                HAL_UART_MspInit
 .text.NMI_Handler
                0x00000000080010e4        0x6 ./Core/Src/stm32h7xx_it.o
                0x00000000080010e4                NMI_Handler
 .text.HardFault_Handler
                0x00000000080010ea        0x6 ./Core/Src/stm32h7xx_it.o
                0x00000000080010ea                HardFault_Handler
 .text.MemManage_Handler
                0x00000000080010f0        0x6 ./Core/Src/stm32h7xx_it.o
                0x00000000080010f0                MemManage_Handler
 .text.BusFault_Handler
                0x00000000080010f6        0x6 ./Core/Src/stm32h7xx_it.o
                0x00000000080010f6                BusFault_Handler
 .text.UsageFault_Handler
                0x00000000080010fc        0x6 ./Core/Src/stm32h7xx_it.o
                0x00000000080010fc                UsageFault_Handler
 .text.SVC_Handler
                0x0000000008001102        0xe ./Core/Src/stm32h7xx_it.o
                0x0000000008001102                SVC_Handler
 .text.DebugMon_Handler
                0x0000000008001110        0xe ./Core/Src/stm32h7xx_it.o
                0x0000000008001110                DebugMon_Handler
 .text.PendSV_Handler
                0x000000000800111e        0xe ./Core/Src/stm32h7xx_it.o
                0x000000000800111e                PendSV_Handler
 .text.SysTick_Handler
                0x000000000800112c        0xc ./Core/Src/stm32h7xx_it.o
                0x000000000800112c                SysTick_Handler
 .text._sbrk    0x0000000008001138       0x6c ./Core/Src/sysmem.o
                0x0000000008001138                _sbrk
 .text.SystemInit
                0x00000000080011a4      0x110 ./Core/Src/system_stm32h7xx.o
                0x00000000080011a4                SystemInit
 .text.Reset_Handler
                0x00000000080012b4       0x50 ./Core/Startup/startup_stm32h743zitx.o
                0x00000000080012b4                Reset_Handler
 .text.Default_Handler
                0x0000000008001304        0x2 ./Core/Startup/startup_stm32h743zitx.o
                0x0000000008001304                RTC_Alarm_IRQHandler
                0x0000000008001304                EXTI2_IRQHandler
                0x0000000008001304                TIM8_CC_IRQHandler
                0x0000000008001304                HRTIM1_Master_IRQHandler
                0x0000000008001304                UART8_IRQHandler
                0x0000000008001304                SPI4_IRQHandler
                0x0000000008001304                TIM1_CC_IRQHandler
                0x0000000008001304                BDMA_Channel6_IRQHandler
                0x0000000008001304                DMA2_Stream5_IRQHandler
                0x0000000008001304                HRTIM1_FLT_IRQHandler
                0x0000000008001304                JPEG_IRQHandler
                0x0000000008001304                DMA1_Stream5_IRQHandler
                0x0000000008001304                BDMA_Channel1_IRQHandler
                0x0000000008001304                HRTIM1_TIMD_IRQHandler
                0x0000000008001304                TAMP_STAMP_IRQHandler
                0x0000000008001304                EXTI3_IRQHandler
                0x0000000008001304                LPTIM4_IRQHandler
                0x0000000008001304                TIM8_TRG_COM_TIM14_IRQHandler
                0x0000000008001304                LPTIM2_IRQHandler
                0x0000000008001304                DFSDM1_FLT1_IRQHandler
                0x0000000008001304                DMAMUX2_OVR_IRQHandler
                0x0000000008001304                TIM8_UP_TIM13_IRQHandler
                0x0000000008001304                I2C3_ER_IRQHandler
                0x0000000008001304                DFSDM1_FLT2_IRQHandler
                0x0000000008001304                MDMA_IRQHandler
                0x0000000008001304                LPTIM3_IRQHandler
                0x0000000008001304                HSEM1_IRQHandler
                0x0000000008001304                EXTI0_IRQHandler
                0x0000000008001304                I2C2_EV_IRQHandler
                0x0000000008001304                DMA1_Stream2_IRQHandler
                0x0000000008001304                FPU_IRQHandler
                0x0000000008001304                OTG_HS_WKUP_IRQHandler
                0x0000000008001304                FDCAN1_IT1_IRQHandler
                0x0000000008001304                LTDC_ER_IRQHandler
                0x0000000008001304                DMA2_Stream2_IRQHandler
                0x0000000008001304                HRTIM1_TIME_IRQHandler
                0x0000000008001304                SPI1_IRQHandler
                0x0000000008001304                TIM6_DAC_IRQHandler
                0x0000000008001304                DCMI_IRQHandler
                0x0000000008001304                HRTIM1_TIMC_IRQHandler
                0x0000000008001304                DMA2_Stream3_IRQHandler
                0x0000000008001304                SAI2_IRQHandler
                0x0000000008001304                DFSDM1_FLT3_IRQHandler
                0x0000000008001304                USART6_IRQHandler
                0x0000000008001304                TIM17_IRQHandler
                0x0000000008001304                USART3_IRQHandler
                0x0000000008001304                BDMA_Channel7_IRQHandler
                0x0000000008001304                LPTIM5_IRQHandler
                0x0000000008001304                UART5_IRQHandler
                0x0000000008001304                ADC3_IRQHandler
                0x0000000008001304                DMA2_Stream0_IRQHandler
                0x0000000008001304                TIM4_IRQHandler
                0x0000000008001304                BDMA_Channel2_IRQHandler
                0x0000000008001304                QUADSPI_IRQHandler
                0x0000000008001304                I2C1_EV_IRQHandler
                0x0000000008001304                DMA1_Stream6_IRQHandler
                0x0000000008001304                DMAMUX1_OVR_IRQHandler
                0x0000000008001304                DMA1_Stream1_IRQHandler
                0x0000000008001304                TIM16_IRQHandler
                0x0000000008001304                UART4_IRQHandler
                0x0000000008001304                BDMA_Channel5_IRQHandler
                0x0000000008001304                TIM3_IRQHandler
                0x0000000008001304                RCC_IRQHandler
                0x0000000008001304                TIM8_BRK_TIM12_IRQHandler
                0x0000000008001304                TIM1_TRG_COM_IRQHandler
                0x0000000008001304                Default_Handler
                0x0000000008001304                ECC_IRQHandler
                0x0000000008001304                CEC_IRQHandler
                0x0000000008001304                EXTI15_10_IRQHandler
                0x0000000008001304                BDMA_Channel0_IRQHandler
                0x0000000008001304                ADC_IRQHandler
                0x0000000008001304                DMA1_Stream7_IRQHandler
                0x0000000008001304                HRTIM1_TIMA_IRQHandler
                0x0000000008001304                SPI5_IRQHandler
                0x0000000008001304                TIM7_IRQHandler
                0x0000000008001304                SDMMC1_IRQHandler
                0x0000000008001304                TIM5_IRQHandler
                0x0000000008001304                DMA2_Stream7_IRQHandler
                0x0000000008001304                TIM15_IRQHandler
                0x0000000008001304                PVD_AVD_IRQHandler
                0x0000000008001304                I2C3_EV_IRQHandler
                0x0000000008001304                EXTI9_5_IRQHandler
                0x0000000008001304                RTC_WKUP_IRQHandler
                0x0000000008001304                LTDC_IRQHandler
                0x0000000008001304                SAI3_IRQHandler
                0x0000000008001304                ETH_WKUP_IRQHandler
                0x0000000008001304                SPDIF_RX_IRQHandler
                0x0000000008001304                SPI2_IRQHandler
                0x0000000008001304                OTG_HS_EP1_IN_IRQHandler
                0x0000000008001304                DMA1_Stream0_IRQHandler
                0x0000000008001304                CRS_IRQHandler
                0x0000000008001304                EXTI4_IRQHandler
                0x0000000008001304                RNG_IRQHandler
                0x0000000008001304                HRTIM1_TIMB_IRQHandler
                0x0000000008001304                FDCAN2_IT1_IRQHandler
                0x0000000008001304                ETH_IRQHandler
                0x0000000008001304                TIM1_UP_IRQHandler
                0x0000000008001304                BDMA_Channel4_IRQHandler
                0x0000000008001304                OTG_HS_EP1_OUT_IRQHandler
                0x0000000008001304                WWDG_IRQHandler
                0x0000000008001304                SPI6_IRQHandler
                0x0000000008001304                MDIOS_IRQHandler
                0x0000000008001304                I2C4_EV_IRQHandler
                0x0000000008001304                FDCAN2_IT0_IRQHandler
                0x0000000008001304                LPUART1_IRQHandler
                0x0000000008001304                FDCAN1_IT0_IRQHandler
                0x0000000008001304                TIM2_IRQHandler
                0x0000000008001304                OTG_FS_WKUP_IRQHandler
                0x0000000008001304                OTG_HS_IRQHandler
                0x0000000008001304                DMA2D_IRQHandler
                0x0000000008001304                TIM1_BRK_IRQHandler
                0x0000000008001304                EXTI1_IRQHandler
                0x0000000008001304                SDMMC2_IRQHandler
                0x0000000008001304                OTG_FS_EP1_OUT_IRQHandler
                0x0000000008001304                BDMA_Channel3_IRQHandler
                0x0000000008001304                UART7_IRQHandler
                0x0000000008001304                MDIOS_WKUP_IRQHandler
                0x0000000008001304                USART2_IRQHandler
                0x0000000008001304                DFSDM1_FLT0_IRQHandler
                0x0000000008001304                SAI4_IRQHandler
                0x0000000008001304                I2C2_ER_IRQHandler
                0x0000000008001304                DMA2_Stream1_IRQHandler
                0x0000000008001304                FLASH_IRQHandler
                0x0000000008001304                DMA2_Stream4_IRQHandler
                0x0000000008001304                USART1_IRQHandler
                0x0000000008001304                OTG_FS_IRQHandler
                0x0000000008001304                SPI3_IRQHandler
                0x0000000008001304                WAKEUP_PIN_IRQHandler
                0x0000000008001304                DMA1_Stream4_IRQHandler
                0x0000000008001304                OTG_FS_EP1_IN_IRQHandler
                0x0000000008001304                I2C1_ER_IRQHandler
                0x0000000008001304                FMC_IRQHandler
                0x0000000008001304                FDCAN_CAL_IRQHandler
                0x0000000008001304                SWPMI1_IRQHandler
                0x0000000008001304                COMP1_IRQHandler
                0x0000000008001304                LPTIM1_IRQHandler
                0x0000000008001304                I2C4_ER_IRQHandler
                0x0000000008001304                DMA2_Stream6_IRQHandler
                0x0000000008001304                SAI1_IRQHandler
                0x0000000008001304                DMA1_Stream3_IRQHandler
 *fill*         0x0000000008001306        0x2 
 .text.HAL_Init
                0x0000000008001308       0x78 ./Drivers/STM32H7xx_HAL_Driver/Src/stm32h7xx_hal.o
                0x0000000008001308                HAL_Init
 .text.HAL_InitTick
                0x0000000008001380       0x6c ./Drivers/STM32H7xx_HAL_Driver/Src/stm32h7xx_hal.o
                0x0000000008001380                HAL_InitTick
 .text.HAL_IncTick
                0x00000000080013ec       0x28 ./Drivers/STM32H7xx_HAL_Driver/Src/stm32h7xx_hal.o
                0x00000000080013ec                HAL_IncTick
 .text.HAL_GetTick
                0x0000000008001414       0x18 ./Drivers/STM32H7xx_HAL_Driver/Src/stm32h7xx_hal.o
                0x0000000008001414                HAL_GetTick
 .text.HAL_Delay
                0x000000000800142c       0x48 ./Drivers/STM32H7xx_HAL_Driver/Src/stm32h7xx_hal.o
                0x000000000800142c                HAL_Delay
 .text.HAL_GetREVID
                0x0000000008001474       0x18 ./Drivers/STM32H7xx_HAL_Driver/Src/stm32h7xx_hal.o
                0x0000000008001474                HAL_GetREVID
 .text.__NVIC_SetPriorityGrouping
                0x000000000800148c       0x48 ./Drivers/STM32H7xx_HAL_Driver/Src/stm32h7xx_hal_cortex.o
 .text.__NVIC_GetPriorityGrouping
                0x00000000080014d4       0x1c ./Drivers/STM32H7xx_HAL_Driver/Src/stm32h7xx_hal_cortex.o
 .text.__NVIC_SetPriority
                0x00000000080014f0       0x54 ./Drivers/STM32H7xx_HAL_Driver/Src/stm32h7xx_hal_cortex.o
 .text.NVIC_EncodePriority
                0x0000000008001544       0x66 ./Drivers/STM32H7xx_HAL_Driver/Src/stm32h7xx_hal_cortex.o
 *fill*         0x00000000080015aa        0x2 
 .text.SysTick_Config
                0x00000000080015ac       0x44 ./Drivers/STM32H7xx_HAL_Driver/Src/stm32h7xx_hal_cortex.o
 .text.HAL_NVIC_SetPriorityGrouping
                0x00000000080015f0       0x16 ./Drivers/STM32H7xx_HAL_Driver/Src/stm32h7xx_hal_cortex.o
                0x00000000080015f0                HAL_NVIC_SetPriorityGrouping
 .text.HAL_NVIC_SetPriority
                0x0000000008001606       0x34 ./Drivers/STM32H7xx_HAL_Driver/Src/stm32h7xx_hal_cortex.o
                0x0000000008001606                HAL_NVIC_SetPriority
 .text.HAL_SYSTICK_Config
                0x000000000800163a       0x18 ./Drivers/STM32H7xx_HAL_Driver/Src/stm32h7xx_hal_cortex.o
                0x000000000800163a                HAL_SYSTICK_Config
 *fill*         0x0000000008001652        0x2 
 .text.HAL_CRC_Init
                0x0000000008001654       0xc8 ./Drivers/STM32H7xx_HAL_Driver/Src/stm32h7xx_hal_crc.o
                0x0000000008001654                HAL_CRC_Init
 .text.HAL_CRCEx_Polynomial_Set
                0x000000000800171c      0x11c ./Drivers/STM32H7xx_HAL_Driver/Src/stm32h7xx_hal_crc_ex.o
                0x000000000800171c                HAL_CRCEx_Polynomial_Set
 .text.HAL_GPIO_Init
                0x0000000008001838      0x360 ./Drivers/STM32H7xx_HAL_Driver/Src/stm32h7xx_hal_gpio.o
                0x0000000008001838                HAL_GPIO_Init
 .text.HAL_GPIO_WritePin
                0x0000000008001b98       0x32 ./Drivers/STM32H7xx_HAL_Driver/Src/stm32h7xx_hal_gpio.o
                0x0000000008001b98                HAL_GPIO_WritePin
 .text.HAL_GPIO_TogglePin
                0x0000000008001bca       0x34 ./Drivers/STM32H7xx_HAL_Driver/Src/stm32h7xx_hal_gpio.o
                0x0000000008001bca                HAL_GPIO_TogglePin
 *fill*         0x0000000008001bfe        0x2 
 .text.HAL_PWREx_ConfigSupply
                0x0000000008001c00       0x74 ./Drivers/STM32H7xx_HAL_Driver/Src/stm32h7xx_hal_pwr_ex.o
                0x0000000008001c00                HAL_PWREx_ConfigSupply
 .text.HAL_RCC_OscConfig
                0x0000000008001c74      0x8b4 ./Drivers/STM32H7xx_HAL_Driver/Src/stm32h7xx_hal_rcc.o
                0x0000000008001c74                HAL_RCC_OscConfig
 .text.HAL_RCC_ClockConfig
                0x0000000008002528      0x36c ./Drivers/STM32H7xx_HAL_Driver/Src/stm32h7xx_hal_rcc.o
                0x0000000008002528                HAL_RCC_ClockConfig
 .text.HAL_RCC_GetSysClockFreq
                0x0000000008002894      0x2f4 ./Drivers/STM32H7xx_HAL_Driver/Src/stm32h7xx_hal_rcc.o
                0x0000000008002894                HAL_RCC_GetSysClockFreq
 .text.HAL_RCC_GetHCLKFreq
                0x0000000008002b88       0x60 ./Drivers/STM32H7xx_HAL_Driver/Src/stm32h7xx_hal_rcc.o
                0x0000000008002b88                HAL_RCC_GetHCLKFreq
 .text.HAL_RCC_GetPCLK1Freq
                0x0000000008002be8       0x2c ./Drivers/STM32H7xx_HAL_Driver/Src/stm32h7xx_hal_rcc.o
                0x0000000008002be8                HAL_RCC_GetPCLK1Freq
 .text.HAL_RCC_GetPCLK2Freq
                0x0000000008002c14       0x2c ./Drivers/STM32H7xx_HAL_Driver/Src/stm32h7xx_hal_rcc.o
                0x0000000008002c14                HAL_RCC_GetPCLK2Freq
 .text.HAL_RCCEx_PeriphCLKConfig
                0x0000000008002c40     0x1414 ./Drivers/STM32H7xx_HAL_Driver/Src/stm32h7xx_hal_rcc_ex.o
                0x0000000008002c40                HAL_RCCEx_PeriphCLKConfig
 .text.HAL_RCCEx_GetD3PCLK1Freq
                0x0000000008004054       0x2c ./Drivers/STM32H7xx_HAL_Driver/Src/stm32h7xx_hal_rcc_ex.o
                0x0000000008004054                HAL_RCCEx_GetD3PCLK1Freq
 .text.HAL_RCCEx_GetPLL2ClockFreq
                0x0000000008004080      0x2a8 ./Drivers/STM32H7xx_HAL_Driver/Src/stm32h7xx_hal_rcc_ex.o
                0x0000000008004080                HAL_RCCEx_GetPLL2ClockFreq
 .text.HAL_RCCEx_GetPLL3ClockFreq
                0x0000000008004328      0x2a8 ./Drivers/STM32H7xx_HAL_Driver/Src/stm32h7xx_hal_rcc_ex.o
                0x0000000008004328                HAL_RCCEx_GetPLL3ClockFreq
 .text.RCCEx_PLL2_Config
                0x00000000080045d0      0x164 ./Drivers/STM32H7xx_HAL_Driver/Src/stm32h7xx_hal_rcc_ex.o
 .text.RCCEx_PLL3_Config
                0x0000000008004734      0x164 ./Drivers/STM32H7xx_HAL_Driver/Src/stm32h7xx_hal_rcc_ex.o
 .text.HAL_TIM_Base_Init
                0x0000000008004898       0xae ./Drivers/STM32H7xx_HAL_Driver/Src/stm32h7xx_hal_tim.o
                0x0000000008004898                HAL_TIM_Base_Init
 *fill*         0x0000000008004946        0x2 
 .text.HAL_TIM_Base_Start
                0x0000000008004948       0xe0 ./Drivers/STM32H7xx_HAL_Driver/Src/stm32h7xx_hal_tim.o
                0x0000000008004948                HAL_TIM_Base_Start
 .text.HAL_TIM_ConfigClockSource
                0x0000000008004a28      0x1f0 ./Drivers/STM32H7xx_HAL_Driver/Src/stm32h7xx_hal_tim.o
                0x0000000008004a28                HAL_TIM_ConfigClockSource
 .text.TIM_Base_SetConfig
                0x0000000008004c18      0x134 ./Drivers/STM32H7xx_HAL_Driver/Src/stm32h7xx_hal_tim.o
                0x0000000008004c18                TIM_Base_SetConfig
 .text.TIM_TI1_ConfigInputStage
                0x0000000008004d4c       0x5e ./Drivers/STM32H7xx_HAL_Driver/Src/stm32h7xx_hal_tim.o
 .text.TIM_TI2_ConfigInputStage
                0x0000000008004daa       0x60 ./Drivers/STM32H7xx_HAL_Driver/Src/stm32h7xx_hal_tim.o
 *fill*         0x0000000008004e0a        0x2 
 .text.TIM_ITRx_SetConfig
                0x0000000008004e0c       0x3c ./Drivers/STM32H7xx_HAL_Driver/Src/stm32h7xx_hal_tim.o
 .text.TIM_ETR_SetConfig
                0x0000000008004e48       0x40 ./Drivers/STM32H7xx_HAL_Driver/Src/stm32h7xx_hal_tim.o
                0x0000000008004e48                TIM_ETR_SetConfig
 .text.HAL_TIMEx_MasterConfigSynchronization
                0x0000000008004e88      0x11c ./Drivers/STM32H7xx_HAL_Driver/Src/stm32h7xx_hal_tim_ex.o
                0x0000000008004e88                HAL_TIMEx_MasterConfigSynchronization
 .text.HAL_UART_Init
                0x0000000008004fa4       0xa0 ./Drivers/STM32H7xx_HAL_Driver/Src/stm32h7xx_hal_uart.o
                0x0000000008004fa4                HAL_UART_Init
 .text.HAL_UART_Transmit
                0x0000000008005044      0x11c ./Drivers/STM32H7xx_HAL_Driver/Src/stm32h7xx_hal_uart.o
                0x0000000008005044                HAL_UART_Transmit
 .text.UART_SetConfig
                0x0000000008005160      0xad0 ./Drivers/STM32H7xx_HAL_Driver/Src/stm32h7xx_hal_uart.o
                0x0000000008005160                UART_SetConfig
 .text.UART_AdvFeatureConfig
                0x0000000008005c30      0x144 ./Drivers/STM32H7xx_HAL_Driver/Src/stm32h7xx_hal_uart.o
                0x0000000008005c30                UART_AdvFeatureConfig
 .text.UART_CheckIdleState
                0x0000000008005d74      0x154 ./Drivers/STM32H7xx_HAL_Driver/Src/stm32h7xx_hal_uart.o
                0x0000000008005d74                UART_CheckIdleState
 .text.UART_WaitOnFlagUntilTimeout
                0x0000000008005ec8       0xce ./Drivers/STM32H7xx_HAL_Driver/Src/stm32h7xx_hal_uart.o
                0x0000000008005ec8                UART_WaitOnFlagUntilTimeout
 *fill*         0x0000000008005f96        0x2 
 .text.UART_EndRxTransfer
                0x0000000008005f98       0xcc ./Drivers/STM32H7xx_HAL_Driver/Src/stm32h7xx_hal_uart.o
 .text.HAL_UARTEx_DisableFifoMode
                0x0000000008006064       0x72 ./Drivers/STM32H7xx_HAL_Driver/Src/stm32h7xx_hal_uart_ex.o
                0x0000000008006064                HAL_UARTEx_DisableFifoMode
 .text.HAL_UARTEx_SetTxFifoThreshold
                0x00000000080060d6       0x7c ./Drivers/STM32H7xx_HAL_Driver/Src/stm32h7xx_hal_uart_ex.o
                0x00000000080060d6                HAL_UARTEx_SetTxFifoThreshold
 .text.HAL_UARTEx_SetRxFifoThreshold
                0x0000000008006152       0x7c ./Drivers/STM32H7xx_HAL_Driver/Src/stm32h7xx_hal_uart_ex.o
                0x0000000008006152                HAL_UARTEx_SetRxFifoThreshold
 *fill*         0x00000000080061ce        0x2 
 .text.UARTEx_SetNbDataToProcess
                0x00000000080061d0       0x9c ./Drivers/STM32H7xx_HAL_Driver/Src/stm32h7xx_hal_uart_ex.o
 .text.sine_model_configure_activations
                0x000000000800626c       0xc0 ./X-CUBE-AI/App/sine_model.o
 .text.sine_model_configure_weights
                0x000000000800632c      0x110 ./X-CUBE-AI/App/sine_model.o
 .text.ai_sine_model_create
                0x000000000800643c       0x2c ./X-CUBE-AI/App/sine_model.o
                0x000000000800643c                ai_sine_model_create
 .text.ai_sine_model_init
                0x0000000008006468       0x78 ./X-CUBE-AI/App/sine_model.o
                0x0000000008006468                ai_sine_model_init
 .text.ai_sine_model_run
                0x00000000080064e0       0x20 ./X-CUBE-AI/App/sine_model.o
                0x00000000080064e0                ai_sine_model_run
 .text.ai_sine_model_data_activations_buffer_get
                0x0000000008006500       0x68 ./X-CUBE-AI/App/sine_model_data.o
                0x0000000008006500                ai_sine_model_data_activations_buffer_get
 .text.ai_sine_model_data_weights_buffer_get
                0x0000000008006568       0x68 ./X-CUBE-AI/App/sine_model_data.o
                0x0000000008006568                ai_sine_model_data_weights_buffer_get
 .text.ai_sine_model_data_weights_get
                0x00000000080065d0       0x14 ./X-CUBE-AI/App/sine_model_data.o
                0x00000000080065d0                ai_sine_model_data_weights_get
 .text.ai_buffer_get_size
                0x00000000080065e4       0x68 ../Middlewares/ST/AI/Lib\NetworkRuntime800_CM7_GCC.a(ai_platform.o)
                0x00000000080065e4                ai_buffer_get_size
 .text.ai_buffer_array_sane
                0x000000000800664c       0x14 ../Middlewares/ST/AI/Lib\NetworkRuntime800_CM7_GCC.a(ai_platform.o)
                0x000000000800664c                ai_buffer_array_sane
 .text._ai_platform_acquire_crc
                0x0000000008006660        0x4 ../Middlewares/ST/AI/Lib\NetworkRuntime800_CM7_GCC.a(ai_platform_interface.o)
                0x0000000008006660                _ai_platform_acquire_crc
 .text._ai_platform_release_crc
                0x0000000008006664        0x4 ../Middlewares/ST/AI/Lib\NetworkRuntime800_CM7_GCC.a(ai_platform_interface.o)
                0x0000000008006664                _ai_platform_release_crc
 .text.ai_platform_get_weights_map
                0x0000000008006668       0xb0 ../Middlewares/ST/AI/Lib\NetworkRuntime800_CM7_GCC.a(ai_platform_interface.o)
                0x0000000008006668                ai_platform_get_weights_map
 .text.ai_platform_get_activations_map
                0x0000000008006718       0xb0 ../Middlewares/ST/AI/Lib\NetworkRuntime800_CM7_GCC.a(ai_platform_interface.o)
                0x0000000008006718                ai_platform_get_activations_map
 .text.ai_platform_network_set_error
                0x00000000080067c8        0xc ../Middlewares/ST/AI/Lib\NetworkRuntime800_CM7_GCC.a(ai_platform_interface.o)
                0x00000000080067c8                ai_platform_network_set_error
 .text.ai_platform_network_create
                0x00000000080067d4      0x3b4 ../Middlewares/ST/AI/Lib\NetworkRuntime800_CM7_GCC.a(ai_platform_interface.o)
                0x00000000080067d4                ai_platform_network_create
 .text.ai_platform_network_init
                0x0000000008006b88      0x338 ../Middlewares/ST/AI/Lib\NetworkRuntime800_CM7_GCC.a(ai_platform_interface.o)
                0x0000000008006b88                ai_platform_network_init
 .text.ai_platform_network_post_init
                0x0000000008006ec0      0x254 ../Middlewares/ST/AI/Lib\NetworkRuntime800_CM7_GCC.a(ai_platform_interface.o)
                0x0000000008006ec0                ai_platform_network_post_init
 .text.ai_platform_network_process
                0x0000000008007114      0x5bc ../Middlewares/ST/AI/Lib\NetworkRuntime800_CM7_GCC.a(ai_platform_interface.o)
                0x0000000008007114                ai_platform_network_process
 .text.core_init
                0x00000000080076d0        0x4 ../Middlewares/ST/AI/Lib\NetworkRuntime800_CM7_GCC.a(core_common.o)
                0x00000000080076d0                core_init
 .text.core_set_error
                0x00000000080076d4       0x18 ../Middlewares/ST/AI/Lib\NetworkRuntime800_CM7_GCC.a(core_common.o)
                0x00000000080076d4                core_set_error
 .text.forward_dense
                0x00000000080076ec      0x840 ../Middlewares/ST/AI/Lib\NetworkRuntime800_CM7_GCC.a(layers_conv2d_generic_float.o)
                0x00000000080076ec                forward_dense
 .text.forward_relu
                0x0000000008007f2c      0x268 ../Middlewares/ST/AI/Lib\NetworkRuntime800_CM7_GCC.a(layers_nl_generic_float.o)
                0x0000000008007f2c                forward_relu
 .text.ai_check_custom_types
                0x0000000008008194       0x50 ../Middlewares/ST/AI/Lib\NetworkRuntime800_CM7_GCC.a(layers.o)
                0x0000000008008194                ai_check_custom_types
 .text.ai_layers_init_all
                0x00000000080081e4       0x1c ../Middlewares/ST/AI/Lib\NetworkRuntime800_CM7_GCC.a(layers.o)
                0x00000000080081e4                ai_layers_init_all
 .text.ai_layers_post_init_all
                0x0000000008008200       0x28 ../Middlewares/ST/AI/Lib\NetworkRuntime800_CM7_GCC.a(layers.o)
                0x0000000008008200                ai_layers_post_init_all
 .text.ai_layers_forward_all
                0x0000000008008228       0x90 ../Middlewares/ST/AI/Lib\NetworkRuntime800_CM7_GCC.a(layers.o)
                0x0000000008008228                ai_layers_forward_all
 .text.lite_dense_if32of32wf32
                0x00000000080082b8      0x250 ../Middlewares/ST/AI/Lib\NetworkRuntime800_CM7_GCC.a(lite_dense_if32.o)
                0x00000000080082b8                lite_dense_if32of32wf32
 .text.ai_version_get
                0x0000000008008508        0xc ../Middlewares/ST/AI/Lib\NetworkRuntime800_CM7_GCC.a(ai_datatypes_internal.o)
                0x0000000008008508                ai_version_get
 .text.get_tensor_byte_size
                0x0000000008008514       0x2c ../Middlewares/ST/AI/Lib\NetworkRuntime800_CM7_GCC.a(ai_datatypes_internal.o)
                0x0000000008008514                get_tensor_byte_size
 .text.ai_array_to_buffer_fmt
                0x0000000008008540       0xd8 ../Middlewares/ST/AI/Lib\NetworkRuntime800_CM7_GCC.a(ai_datatypes_format.o)
                0x0000000008008540                ai_array_to_buffer_fmt
 .text.ai_array_get_byte_size
                0x0000000008008618       0x50 ../Middlewares/ST/AI/Lib\NetworkRuntime800_CM7_GCC.a(ai_datatypes_format.o)
                0x0000000008008618                ai_array_get_byte_size
 .text.ai_array_get_data_byte_size
                0x0000000008008668       0x20 ../Middlewares/ST/AI/Lib\NetworkRuntime800_CM7_GCC.a(ai_datatypes_format.o)
                0x0000000008008668                ai_array_get_data_byte_size
 .text.__errno  0x0000000008008688        0xc c:/st/stm32cubeide_1.11.2/stm32cubeide/plugins/com.st.stm32cube.ide.mcu.externaltools.gnu-tools-for-stm32.10.3-2021.10.win32_1.0.100.202210260954/tools/bin/../lib/gcc/arm-none-eabi/10.3.1/../../../../arm-none-eabi/lib/thumb/v7e-m+dp/hard\libc_nano.a(lib_a-errno.o)
                0x0000000008008688                __errno
 .text.__libc_init_array
                0x0000000008008694       0x48 c:/st/stm32cubeide_1.11.2/stm32cubeide/plugins/com.st.stm32cube.ide.mcu.externaltools.gnu-tools-for-stm32.10.3-2021.10.win32_1.0.100.202210260954/tools/bin/../lib/gcc/arm-none-eabi/10.3.1/../../../../arm-none-eabi/lib/thumb/v7e-m+dp/hard\libc_nano.a(lib_a-init.o)
                0x0000000008008694                __libc_init_array
 .text.malloc   0x00000000080086dc       0x10 c:/st/stm32cubeide_1.11.2/stm32cubeide/plugins/com.st.stm32cube.ide.mcu.externaltools.gnu-tools-for-stm32.10.3-2021.10.win32_1.0.100.202210260954/tools/bin/../lib/gcc/arm-none-eabi/10.3.1/../../../../arm-none-eabi/lib/thumb/v7e-m+dp/hard\libc_nano.a(lib_a-malloc.o)
                0x00000000080086dc                malloc
 .text.memcpy   0x00000000080086ec       0x1c c:/st/stm32cubeide_1.11.2/stm32cubeide/plugins/com.st.stm32cube.ide.mcu.externaltools.gnu-tools-for-stm32.10.3-2021.10.win32_1.0.100.202210260954/tools/bin/../lib/gcc/arm-none-eabi/10.3.1/../../../../arm-none-eabi/lib/thumb/v7e-m+dp/hard\libc_nano.a(lib_a-memcpy-stub.o)
                0x00000000080086ec                memcpy
 .text.memset   0x0000000008008708       0x10 c:/st/stm32cubeide_1.11.2/stm32cubeide/plugins/com.st.stm32cube.ide.mcu.externaltools.gnu-tools-for-stm32.10.3-2021.10.win32_1.0.100.202210260954/tools/bin/../lib/gcc/arm-none-eabi/10.3.1/../../../../arm-none-eabi/lib/thumb/v7e-m+dp/hard\libc_nano.a(lib_a-memset.o)
                0x0000000008008708                memset
 .text._free_r  0x0000000008008718       0x98 c:/st/stm32cubeide_1.11.2/stm32cubeide/plugins/com.st.stm32cube.ide.mcu.externaltools.gnu-tools-for-stm32.10.3-2021.10.win32_1.0.100.202210260954/tools/bin/../lib/gcc/arm-none-eabi/10.3.1/../../../../arm-none-eabi/lib/thumb/v7e-m+dp/hard\libc_nano.a(lib_a-nano-freer.o)
                0x0000000008008718                _free_r
 .text.sbrk_aligned
                0x00000000080087b0       0x40 c:/st/stm32cubeide_1.11.2/stm32cubeide/plugins/com.st.stm32cube.ide.mcu.externaltools.gnu-tools-for-stm32.10.3-2021.10.win32_1.0.100.202210260954/tools/bin/../lib/gcc/arm-none-eabi/10.3.1/../../../../arm-none-eabi/lib/thumb/v7e-m+dp/hard\libc_nano.a(lib_a-nano-mallocr.o)
 .text._malloc_r
                0x00000000080087f0       0xe8 c:/st/stm32cubeide_1.11.2/stm32cubeide/plugins/com.st.stm32cube.ide.mcu.externaltools.gnu-tools-for-stm32.10.3-2021.10.win32_1.0.100.202210260954/tools/bin/../lib/gcc/arm-none-eabi/10.3.1/../../../../arm-none-eabi/lib/thumb/v7e-m+dp/hard\libc_nano.a(lib_a-nano-mallocr.o)
                0x00000000080087f0                _malloc_r
 .text.__cvt    0x00000000080088d8       0xa4 c:/st/stm32cubeide_1.11.2/stm32cubeide/plugins/com.st.stm32cube.ide.mcu.externaltools.gnu-tools-for-stm32.10.3-2021.10.win32_1.0.100.202210260954/tools/bin/../lib/gcc/arm-none-eabi/10.3.1/../../../../arm-none-eabi/lib/thumb/v7e-m+dp/hard\libc_nano.a(lib_a-nano-vfprintf_float.o)
                0x00000000080088d8                __cvt
 .text.__exponent
                0x000000000800897c       0x7c c:/st/stm32cubeide_1.11.2/stm32cubeide/plugins/com.st.stm32cube.ide.mcu.externaltools.gnu-tools-for-stm32.10.3-2021.10.win32_1.0.100.202210260954/tools/bin/../lib/gcc/arm-none-eabi/10.3.1/../../../../arm-none-eabi/lib/thumb/v7e-m+dp/hard\libc_nano.a(lib_a-nano-vfprintf_float.o)
                0x000000000800897c                __exponent
 .text._printf_float
                0x00000000080089f8      0x43c c:/st/stm32cubeide_1.11.2/stm32cubeide/plugins/com.st.stm32cube.ide.mcu.externaltools.gnu-tools-for-stm32.10.3-2021.10.win32_1.0.100.202210260954/tools/bin/../lib/gcc/arm-none-eabi/10.3.1/../../../../arm-none-eabi/lib/thumb/v7e-m+dp/hard\libc_nano.a(lib_a-nano-vfprintf_float.o)
                0x00000000080089f8                _printf_float
 .text._printf_common
                0x0000000008008e34       0xda c:/st/stm32cubeide_1.11.2/stm32cubeide/plugins/com.st.stm32cube.ide.mcu.externaltools.gnu-tools-for-stm32.10.3-2021.10.win32_1.0.100.202210260954/tools/bin/../lib/gcc/arm-none-eabi/10.3.1/../../../../arm-none-eabi/lib/thumb/v7e-m+dp/hard\libc_nano.a(lib_a-nano-vfprintf_i.o)
                0x0000000008008e34                _printf_common
 *fill*         0x0000000008008f0e        0x2 
 .text._printf_i
                0x0000000008008f10      0x24c c:/st/stm32cubeide_1.11.2/stm32cubeide/plugins/com.st.stm32cube.ide.mcu.externaltools.gnu-tools-for-stm32.10.3-2021.10.win32_1.0.100.202210260954/tools/bin/../lib/gcc/arm-none-eabi/10.3.1/../../../../arm-none-eabi/lib/thumb/v7e-m+dp/hard\libc_nano.a(lib_a-nano-vfprintf_i.o)
                0x0000000008008f10                _printf_i
 .text._sbrk_r  0x000000000800915c       0x20 c:/st/stm32cubeide_1.11.2/stm32cubeide/plugins/com.st.stm32cube.ide.mcu.externaltools.gnu-tools-for-stm32.10.3-2021.10.win32_1.0.100.202210260954/tools/bin/../lib/gcc/arm-none-eabi/10.3.1/../../../../arm-none-eabi/lib/thumb/v7e-m+dp/hard\libc_nano.a(lib_a-sbrkr.o)
                0x000000000800915c                _sbrk_r
 .text.sprintf  0x000000000800917c       0x40 c:/st/stm32cubeide_1.11.2/stm32cubeide/plugins/com.st.stm32cube.ide.mcu.externaltools.gnu-tools-for-stm32.10.3-2021.10.win32_1.0.100.202210260954/tools/bin/../lib/gcc/arm-none-eabi/10.3.1/../../../../arm-none-eabi/lib/thumb/v7e-m+dp/hard\libc_nano.a(lib_a-sprintf.o)
                0x000000000800917c                siprintf
                0x000000000800917c                sprintf
 .text.quorem   0x00000000080091bc      0x116 c:/st/stm32cubeide_1.11.2/stm32cubeide/plugins/com.st.stm32cube.ide.mcu.externaltools.gnu-tools-for-stm32.10.3-2021.10.win32_1.0.100.202210260954/tools/bin/../lib/gcc/arm-none-eabi/10.3.1/../../../../arm-none-eabi/lib/thumb/v7e-m+dp/hard\libc_nano.a(lib_a-dtoa.o)
 *fill*         0x00000000080092d2        0x6 
 .text._dtoa_r  0x00000000080092d8      0xadc c:/st/stm32cubeide_1.11.2/stm32cubeide/plugins/com.st.stm32cube.ide.mcu.externaltools.gnu-tools-for-stm32.10.3-2021.10.win32_1.0.100.202210260954/tools/bin/../lib/gcc/arm-none-eabi/10.3.1/../../../../arm-none-eabi/lib/thumb/v7e-m+dp/hard\libc_nano.a(lib_a-dtoa.o)
                0x00000000080092d8                _dtoa_r
 .text._localeconv_r
                0x0000000008009db4        0x8 c:/st/stm32cubeide_1.11.2/stm32cubeide/plugins/com.st.stm32cube.ide.mcu.externaltools.gnu-tools-for-stm32.10.3-2021.10.win32_1.0.100.202210260954/tools/bin/../lib/gcc/arm-none-eabi/10.3.1/../../../../arm-none-eabi/lib/thumb/v7e-m+dp/hard\libc_nano.a(lib_a-localeconv.o)
                0x0000000008009db4                _localeconv_r
 .text.__malloc_lock
                0x0000000008009dbc        0xc c:/st/stm32cubeide_1.11.2/stm32cubeide/plugins/com.st.stm32cube.ide.mcu.externaltools.gnu-tools-for-stm32.10.3-2021.10.win32_1.0.100.202210260954/tools/bin/../lib/gcc/arm-none-eabi/10.3.1/../../../../arm-none-eabi/lib/thumb/v7e-m+dp/hard\libc_nano.a(lib_a-mlock.o)
                0x0000000008009dbc                __malloc_lock
 .text.__malloc_unlock
                0x0000000008009dc8        0xc c:/st/stm32cubeide_1.11.2/stm32cubeide/plugins/com.st.stm32cube.ide.mcu.externaltools.gnu-tools-for-stm32.10.3-2021.10.win32_1.0.100.202210260954/tools/bin/../lib/gcc/arm-none-eabi/10.3.1/../../../../arm-none-eabi/lib/thumb/v7e-m+dp/hard\libc_nano.a(lib_a-mlock.o)
                0x0000000008009dc8                __malloc_unlock
 .text._Balloc  0x0000000008009dd4       0x80 c:/st/stm32cubeide_1.11.2/stm32cubeide/plugins/com.st.stm32cube.ide.mcu.externaltools.gnu-tools-for-stm32.10.3-2021.10.win32_1.0.100.202210260954/tools/bin/../lib/gcc/arm-none-eabi/10.3.1/../../../../arm-none-eabi/lib/thumb/v7e-m+dp/hard\libc_nano.a(lib_a-mprec.o)
                0x0000000008009dd4                _Balloc
 .text._Bfree   0x0000000008009e54       0x44 c:/st/stm32cubeide_1.11.2/stm32cubeide/plugins/com.st.stm32cube.ide.mcu.externaltools.gnu-tools-for-stm32.10.3-2021.10.win32_1.0.100.202210260954/tools/bin/../lib/gcc/arm-none-eabi/10.3.1/../../../../arm-none-eabi/lib/thumb/v7e-m+dp/hard\libc_nano.a(lib_a-mprec.o)
                0x0000000008009e54                _Bfree
 .text.__multadd
                0x0000000008009e98       0x8c c:/st/stm32cubeide_1.11.2/stm32cubeide/plugins/com.st.stm32cube.ide.mcu.externaltools.gnu-tools-for-stm32.10.3-2021.10.win32_1.0.100.202210260954/tools/bin/../lib/gcc/arm-none-eabi/10.3.1/../../../../arm-none-eabi/lib/thumb/v7e-m+dp/hard\libc_nano.a(lib_a-mprec.o)
                0x0000000008009e98                __multadd
 .text.__hi0bits
                0x0000000008009f24       0x40 c:/st/stm32cubeide_1.11.2/stm32cubeide/plugins/com.st.stm32cube.ide.mcu.externaltools.gnu-tools-for-stm32.10.3-2021.10.win32_1.0.100.202210260954/tools/bin/../lib/gcc/arm-none-eabi/10.3.1/../../../../arm-none-eabi/lib/thumb/v7e-m+dp/hard\libc_nano.a(lib_a-mprec.o)
                0x0000000008009f24                __hi0bits
 .text.__lo0bits
                0x0000000008009f64       0x5e c:/st/stm32cubeide_1.11.2/stm32cubeide/plugins/com.st.stm32cube.ide.mcu.externaltools.gnu-tools-for-stm32.10.3-2021.10.win32_1.0.100.202210260954/tools/bin/../lib/gcc/arm-none-eabi/10.3.1/../../../../arm-none-eabi/lib/thumb/v7e-m+dp/hard\libc_nano.a(lib_a-mprec.o)
                0x0000000008009f64                __lo0bits
 *fill*         0x0000000008009fc2        0x2 
 .text.__i2b    0x0000000008009fc4       0x2c c:/st/stm32cubeide_1.11.2/stm32cubeide/plugins/com.st.stm32cube.ide.mcu.externaltools.gnu-tools-for-stm32.10.3-2021.10.win32_1.0.100.202210260954/tools/bin/../lib/gcc/arm-none-eabi/10.3.1/../../../../arm-none-eabi/lib/thumb/v7e-m+dp/hard\libc_nano.a(lib_a-mprec.o)
                0x0000000008009fc4                __i2b
 .text.__multiply
                0x0000000008009ff0      0x154 c:/st/stm32cubeide_1.11.2/stm32cubeide/plugins/com.st.stm32cube.ide.mcu.externaltools.gnu-tools-for-stm32.10.3-2021.10.win32_1.0.100.202210260954/tools/bin/../lib/gcc/arm-none-eabi/10.3.1/../../../../arm-none-eabi/lib/thumb/v7e-m+dp/hard\libc_nano.a(lib_a-mprec.o)
                0x0000000008009ff0                __multiply
 .text.__pow5mult
                0x000000000800a144       0xb4 c:/st/stm32cubeide_1.11.2/stm32cubeide/plugins/com.st.stm32cube.ide.mcu.externaltools.gnu-tools-for-stm32.10.3-2021.10.win32_1.0.100.202210260954/tools/bin/../lib/gcc/arm-none-eabi/10.3.1/../../../../arm-none-eabi/lib/thumb/v7e-m+dp/hard\libc_nano.a(lib_a-mprec.o)
                0x000000000800a144                __pow5mult
 .text.__lshift
                0x000000000800a1f8       0xe0 c:/st/stm32cubeide_1.11.2/stm32cubeide/plugins/com.st.stm32cube.ide.mcu.externaltools.gnu-tools-for-stm32.10.3-2021.10.win32_1.0.100.202210260954/tools/bin/../lib/gcc/arm-none-eabi/10.3.1/../../../../arm-none-eabi/lib/thumb/v7e-m+dp/hard\libc_nano.a(lib_a-mprec.o)
                0x000000000800a1f8                __lshift
 .text.__mcmp   0x000000000800a2d8       0x38 c:/st/stm32cubeide_1.11.2/stm32cubeide/plugins/com.st.stm32cube.ide.mcu.externaltools.gnu-tools-for-stm32.10.3-2021.10.win32_1.0.100.202210260954/tools/bin/../lib/gcc/arm-none-eabi/10.3.1/../../../../arm-none-eabi/lib/thumb/v7e-m+dp/hard\libc_nano.a(lib_a-mprec.o)
                0x000000000800a2d8                __mcmp
 .text.__mdiff  0x000000000800a310      0x114 c:/st/stm32cubeide_1.11.2/stm32cubeide/plugins/com.st.stm32cube.ide.mcu.externaltools.gnu-tools-for-stm32.10.3-2021.10.win32_1.0.100.202210260954/tools/bin/../lib/gcc/arm-none-eabi/10.3.1/../../../../arm-none-eabi/lib/thumb/v7e-m+dp/hard\libc_nano.a(lib_a-mprec.o)
                0x000000000800a310                __mdiff
 .text.__d2b    0x000000000800a424       0xb8 c:/st/stm32cubeide_1.11.2/stm32cubeide/plugins/com.st.stm32cube.ide.mcu.externaltools.gnu-tools-for-stm32.10.3-2021.10.win32_1.0.100.202210260954/tools/bin/../lib/gcc/arm-none-eabi/10.3.1/../../../../arm-none-eabi/lib/thumb/v7e-m+dp/hard\libc_nano.a(lib_a-mprec.o)
                0x000000000800a424                __d2b
 .text._calloc_r
                0x000000000800a4dc       0x2c c:/st/stm32cubeide_1.11.2/stm32cubeide/plugins/com.st.stm32cube.ide.mcu.externaltools.gnu-tools-for-stm32.10.3-2021.10.win32_1.0.100.202210260954/tools/bin/../lib/gcc/arm-none-eabi/10.3.1/../../../../arm-none-eabi/lib/thumb/v7e-m+dp/hard\libc_nano.a(lib_a-nano-callocr.o)
                0x000000000800a4dc                _calloc_r
 .text._realloc_r
                0x000000000800a508       0x5e c:/st/stm32cubeide_1.11.2/stm32cubeide/plugins/com.st.stm32cube.ide.mcu.externaltools.gnu-tools-for-stm32.10.3-2021.10.win32_1.0.100.202210260954/tools/bin/../lib/gcc/arm-none-eabi/10.3.1/../../../../arm-none-eabi/lib/thumb/v7e-m+dp/hard\libc_nano.a(lib_a-nano-reallocr.o)
                0x000000000800a508                _realloc_r
 .text.__ssputs_r
                0x000000000800a566       0xb6 c:/st/stm32cubeide_1.11.2/stm32cubeide/plugins/com.st.stm32cube.ide.mcu.externaltools.gnu-tools-for-stm32.10.3-2021.10.win32_1.0.100.202210260954/tools/bin/../lib/gcc/arm-none-eabi/10.3.1/../../../../arm-none-eabi/lib/thumb/v7e-m+dp/hard\libc_nano.a(lib_a-nano-svfprintf.o)
                0x000000000800a566                __ssputs_r
 .text._svfprintf_r
                0x000000000800a61c      0x200 c:/st/stm32cubeide_1.11.2/stm32cubeide/plugins/com.st.stm32cube.ide.mcu.externaltools.gnu-tools-for-stm32.10.3-2021.10.win32_1.0.100.202210260954/tools/bin/../lib/gcc/arm-none-eabi/10.3.1/../../../../arm-none-eabi/lib/thumb/v7e-m+dp/hard\libc_nano.a(lib_a-nano-svfprintf.o)
                0x000000000800a61c                _svfiprintf_r
                0x000000000800a61c                _svfprintf_r
 .text.__assert_func
                0x000000000800a81c       0x3c c:/st/stm32cubeide_1.11.2/stm32cubeide/plugins/com.st.stm32cube.ide.mcu.externaltools.gnu-tools-for-stm32.10.3-2021.10.win32_1.0.100.202210260954/tools/bin/../lib/gcc/arm-none-eabi/10.3.1/../../../../arm-none-eabi/lib/thumb/v7e-m+dp/hard\libc_nano.a(lib_a-assert.o)
                0x000000000800a81c                __assert_func
 .text.fprintf  0x000000000800a858       0x24 c:/st/stm32cubeide_1.11.2/stm32cubeide/plugins/com.st.stm32cube.ide.mcu.externaltools.gnu-tools-for-stm32.10.3-2021.10.win32_1.0.100.202210260954/tools/bin/../lib/gcc/arm-none-eabi/10.3.1/../../../../arm-none-eabi/lib/thumb/v7e-m+dp/hard\libc_nano.a(lib_a-fprintf.o)
                0x000000000800a858                fiprintf
                0x000000000800a858                fprintf
 .text.__retarget_lock_init_recursive
                0x000000000800a87c        0x2 c:/st/stm32cubeide_1.11.2/stm32cubeide/plugins/com.st.stm32cube.ide.mcu.externaltools.gnu-tools-for-stm32.10.3-2021.10.win32_1.0.100.202210260954/tools/bin/../lib/gcc/arm-none-eabi/10.3.1/../../../../arm-none-eabi/lib/thumb/v7e-m+dp/hard\libc_nano.a(lib_a-lock.o)
                0x000000000800a87c                __retarget_lock_init_recursive
 .text.__retarget_lock_acquire_recursive
                0x000000000800a87e        0x2 c:/st/stm32cubeide_1.11.2/stm32cubeide/plugins/com.st.stm32cube.ide.mcu.externaltools.gnu-tools-for-stm32.10.3-2021.10.win32_1.0.100.202210260954/tools/bin/../lib/gcc/arm-none-eabi/10.3.1/../../../../arm-none-eabi/lib/thumb/v7e-m+dp/hard\libc_nano.a(lib_a-lock.o)
                0x000000000800a87e                __retarget_lock_acquire_recursive
 .text.__retarget_lock_release_recursive
                0x000000000800a880        0x2 c:/st/stm32cubeide_1.11.2/stm32cubeide/plugins/com.st.stm32cube.ide.mcu.externaltools.gnu-tools-for-stm32.10.3-2021.10.win32_1.0.100.202210260954/tools/bin/../lib/gcc/arm-none-eabi/10.3.1/../../../../arm-none-eabi/lib/thumb/v7e-m+dp/hard\libc_nano.a(lib_a-lock.o)
                0x000000000800a880                __retarget_lock_release_recursive
 .text.__ascii_mbtowc
                0x000000000800a882       0x24 c:/st/stm32cubeide_1.11.2/stm32cubeide/plugins/com.st.stm32cube.ide.mcu.externaltools.gnu-tools-for-stm32.10.3-2021.10.win32_1.0.100.202210260954/tools/bin/../lib/gcc/arm-none-eabi/10.3.1/../../../../arm-none-eabi/lib/thumb/v7e-m+dp/hard\libc_nano.a(lib_a-mbtowc_r.o)
                0x000000000800a882                __ascii_mbtowc
 .text.memmove  0x000000000800a8a6       0x34 c:/st/stm32cubeide_1.11.2/stm32cubeide/plugins/com.st.stm32cube.ide.mcu.externaltools.gnu-tools-for-stm32.10.3-2021.10.win32_1.0.100.202210260954/tools/bin/../lib/gcc/arm-none-eabi/10.3.1/../../../../arm-none-eabi/lib/thumb/v7e-m+dp/hard\libc_nano.a(lib_a-memmove.o)
                0x000000000800a8a6                memmove
 .text._malloc_usable_size_r
                0x000000000800a8da       0x10 c:/st/stm32cubeide_1.11.2/stm32cubeide/plugins/com.st.stm32cube.ide.mcu.externaltools.gnu-tools-for-stm32.10.3-2021.10.win32_1.0.100.202210260954/tools/bin/../lib/gcc/arm-none-eabi/10.3.1/../../../../arm-none-eabi/lib/thumb/v7e-m+dp/hard\libc_nano.a(lib_a-nano-msizer.o)
                0x000000000800a8da                _malloc_usable_size_r
 .text.__sfputc_r
                0x000000000800a8ea       0x2e c:/st/stm32cubeide_1.11.2/stm32cubeide/plugins/com.st.stm32cube.ide.mcu.externaltools.gnu-tools-for-stm32.10.3-2021.10.win32_1.0.100.202210260954/tools/bin/../lib/gcc/arm-none-eabi/10.3.1/../../../../arm-none-eabi/lib/thumb/v7e-m+dp/hard\libc_nano.a(lib_a-nano-vfprintf.o)
 .text.__sfputs_r
                0x000000000800a918       0x24 c:/st/stm32cubeide_1.11.2/stm32cubeide/plugins/com.st.stm32cube.ide.mcu.externaltools.gnu-tools-for-stm32.10.3-2021.10.win32_1.0.100.202210260954/tools/bin/../lib/gcc/arm-none-eabi/10.3.1/../../../../arm-none-eabi/lib/thumb/v7e-m+dp/hard\libc_nano.a(lib_a-nano-vfprintf.o)
                0x000000000800a918                __sfputs_r
 .text._vfprintf_r
                0x000000000800a93c      0x260 c:/st/stm32cubeide_1.11.2/stm32cubeide/plugins/com.st.stm32cube.ide.mcu.externaltools.gnu-tools-for-stm32.10.3-2021.10.win32_1.0.100.202210260954/tools/bin/../lib/gcc/arm-none-eabi/10.3.1/../../../../arm-none-eabi/lib/thumb/v7e-m+dp/hard\libc_nano.a(lib_a-nano-vfprintf.o)
                0x000000000800a93c                _vfprintf_r
                0x000000000800a93c                _vfiprintf_r
 .text.__swbuf_r
                0x000000000800ab9c       0xa4 c:/st/stm32cubeide_1.11.2/stm32cubeide/plugins/com.st.stm32cube.ide.mcu.externaltools.gnu-tools-for-stm32.10.3-2021.10.win32_1.0.100.202210260954/tools/bin/../lib/gcc/arm-none-eabi/10.3.1/../../../../arm-none-eabi/lib/thumb/v7e-m+dp/hard\libc_nano.a(lib_a-wbuf.o)
                0x000000000800ab9c                __swbuf_r
 .text.__ascii_wctomb
                0x000000000800ac40       0x1a c:/st/stm32cubeide_1.11.2/stm32cubeide/plugins/com.st.stm32cube.ide.mcu.externaltools.gnu-tools-for-stm32.10.3-2021.10.win32_1.0.100.202210260954/tools/bin/../lib/gcc/arm-none-eabi/10.3.1/../../../../arm-none-eabi/lib/thumb/v7e-m+dp/hard\libc_nano.a(lib_a-wctomb_r.o)
                0x000000000800ac40                __ascii_wctomb
 *fill*         0x000000000800ac5a        0x2 
 .text.__swsetup_r
                0x000000000800ac5c       0xdc c:/st/stm32cubeide_1.11.2/stm32cubeide/plugins/com.st.stm32cube.ide.mcu.externaltools.gnu-tools-for-stm32.10.3-2021.10.win32_1.0.100.202210260954/tools/bin/../lib/gcc/arm-none-eabi/10.3.1/../../../../arm-none-eabi/lib/thumb/v7e-m+dp/hard\libc_nano.a(lib_a-wsetup.o)
                0x000000000800ac5c                __swsetup_r
 .text.abort    0x000000000800ad38        0xe c:/st/stm32cubeide_1.11.2/stm32cubeide/plugins/com.st.stm32cube.ide.mcu.externaltools.gnu-tools-for-stm32.10.3-2021.10.win32_1.0.100.202210260954/tools/bin/../lib/gcc/arm-none-eabi/10.3.1/../../../../arm-none-eabi/lib/thumb/v7e-m+dp/hard\libc_nano.a(lib_a-abort.o)
                0x000000000800ad38                abort
 *fill*         0x000000000800ad46        0x2 
 .text.__sflush_r
                0x000000000800ad48      0x10c c:/st/stm32cubeide_1.11.2/stm32cubeide/plugins/com.st.stm32cube.ide.mcu.externaltools.gnu-tools-for-stm32.10.3-2021.10.win32_1.0.100.202210260954/tools/bin/../lib/gcc/arm-none-eabi/10.3.1/../../../../arm-none-eabi/lib/thumb/v7e-m+dp/hard\libc_nano.a(lib_a-fflush.o)
                0x000000000800ad48                __sflush_r
 .text._fflush_r
                0x000000000800ae54       0x78 c:/st/stm32cubeide_1.11.2/stm32cubeide/plugins/com.st.stm32cube.ide.mcu.externaltools.gnu-tools-for-stm32.10.3-2021.10.win32_1.0.100.202210260954/tools/bin/../lib/gcc/arm-none-eabi/10.3.1/../../../../arm-none-eabi/lib/thumb/v7e-m+dp/hard\libc_nano.a(lib_a-fflush.o)
                0x000000000800ae54                _fflush_r
 .text.std      0x000000000800aecc       0x48 c:/st/stm32cubeide_1.11.2/stm32cubeide/plugins/com.st.stm32cube.ide.mcu.externaltools.gnu-tools-for-stm32.10.3-2021.10.win32_1.0.100.202210260954/tools/bin/../lib/gcc/arm-none-eabi/10.3.1/../../../../arm-none-eabi/lib/thumb/v7e-m+dp/hard\libc_nano.a(lib_a-findfp.o)
 .text._cleanup_r
                0x000000000800af14        0xc c:/st/stm32cubeide_1.11.2/stm32cubeide/plugins/com.st.stm32cube.ide.mcu.externaltools.gnu-tools-for-stm32.10.3-2021.10.win32_1.0.100.202210260954/tools/bin/../lib/gcc/arm-none-eabi/10.3.1/../../../../arm-none-eabi/lib/thumb/v7e-m+dp/hard\libc_nano.a(lib_a-findfp.o)
                0x000000000800af14                _cleanup_r
 .text.__sfmoreglue
                0x000000000800af20       0x2c c:/st/stm32cubeide_1.11.2/stm32cubeide/plugins/com.st.stm32cube.ide.mcu.externaltools.gnu-tools-for-stm32.10.3-2021.10.win32_1.0.100.202210260954/tools/bin/../lib/gcc/arm-none-eabi/10.3.1/../../../../arm-none-eabi/lib/thumb/v7e-m+dp/hard\libc_nano.a(lib_a-findfp.o)
                0x000000000800af20                __sfmoreglue
 .text.__sfp_lock_acquire
                0x000000000800af4c        0xc c:/st/stm32cubeide_1.11.2/stm32cubeide/plugins/com.st.stm32cube.ide.mcu.externaltools.gnu-tools-for-stm32.10.3-2021.10.win32_1.0.100.202210260954/tools/bin/../lib/gcc/arm-none-eabi/10.3.1/../../../../arm-none-eabi/lib/thumb/v7e-m+dp/hard\libc_nano.a(lib_a-findfp.o)
                0x000000000800af4c                __sfp_lock_acquire
 .text.__sfp_lock_release
                0x000000000800af58        0xc c:/st/stm32cubeide_1.11.2/stm32cubeide/plugins/com.st.stm32cube.ide.mcu.externaltools.gnu-tools-for-stm32.10.3-2021.10.win32_1.0.100.202210260954/tools/bin/../lib/gcc/arm-none-eabi/10.3.1/../../../../arm-none-eabi/lib/thumb/v7e-m+dp/hard\libc_nano.a(lib_a-findfp.o)
                0x000000000800af58                __sfp_lock_release
 .text.__sinit_lock_acquire
                0x000000000800af64        0xc c:/st/stm32cubeide_1.11.2/stm32cubeide/plugins/com.st.stm32cube.ide.mcu.externaltools.gnu-tools-for-stm32.10.3-2021.10.win32_1.0.100.202210260954/tools/bin/../lib/gcc/arm-none-eabi/10.3.1/../../../../arm-none-eabi/lib/thumb/v7e-m+dp/hard\libc_nano.a(lib_a-findfp.o)
                0x000000000800af64                __sinit_lock_acquire
 .text.__sinit_lock_release
                0x000000000800af70        0xc c:/st/stm32cubeide_1.11.2/stm32cubeide/plugins/com.st.stm32cube.ide.mcu.externaltools.gnu-tools-for-stm32.10.3-2021.10.win32_1.0.100.202210260954/tools/bin/../lib/gcc/arm-none-eabi/10.3.1/../../../../arm-none-eabi/lib/thumb/v7e-m+dp/hard\libc_nano.a(lib_a-findfp.o)
                0x000000000800af70                __sinit_lock_release
 .text.__sinit  0x000000000800af7c       0x70 c:/st/stm32cubeide_1.11.2/stm32cubeide/plugins/com.st.stm32cube.ide.mcu.externaltools.gnu-tools-for-stm32.10.3-2021.10.win32_1.0.100.202210260954/tools/bin/../lib/gcc/arm-none-eabi/10.3.1/../../../../arm-none-eabi/lib/thumb/v7e-m+dp/hard\libc_nano.a(lib_a-findfp.o)
                0x000000000800af7c                __sinit
 .text.__sfp    0x000000000800afec       0x8c c:/st/stm32cubeide_1.11.2/stm32cubeide/plugins/com.st.stm32cube.ide.mcu.externaltools.gnu-tools-for-stm32.10.3-2021.10.win32_1.0.100.202210260954/tools/bin/../lib/gcc/arm-none-eabi/10.3.1/../../../../arm-none-eabi/lib/thumb/v7e-m+dp/hard\libc_nano.a(lib_a-findfp.o)
                0x000000000800afec                __sfp
 .text._fwalk_reent
                0x000000000800b078       0x3e c:/st/stm32cubeide_1.11.2/stm32cubeide/plugins/com.st.stm32cube.ide.mcu.externaltools.gnu-tools-for-stm32.10.3-2021.10.win32_1.0.100.202210260954/tools/bin/../lib/gcc/arm-none-eabi/10.3.1/../../../../arm-none-eabi/lib/thumb/v7e-m+dp/hard\libc_nano.a(lib_a-fwalk.o)
                0x000000000800b078                _fwalk_reent
 .text.__swhatbuf_r
                0x000000000800b0b6       0x4a c:/st/stm32cubeide_1.11.2/stm32cubeide/plugins/com.st.stm32cube.ide.mcu.externaltools.gnu-tools-for-stm32.10.3-2021.10.win32_1.0.100.202210260954/tools/bin/../lib/gcc/arm-none-eabi/10.3.1/../../../../arm-none-eabi/lib/thumb/v7e-m+dp/hard\libc_nano.a(lib_a-makebuf.o)
                0x000000000800b0b6                __swhatbuf_r
 .text.__smakebuf_r
                0x000000000800b100       0x80 c:/st/stm32cubeide_1.11.2/stm32cubeide/plugins/com.st.stm32cube.ide.mcu.externaltools.gnu-tools-for-stm32.10.3-2021.10.win32_1.0.100.202210260954/tools/bin/../lib/gcc/arm-none-eabi/10.3.1/../../../../arm-none-eabi/lib/thumb/v7e-m+dp/hard\libc_nano.a(lib_a-makebuf.o)
                0x000000000800b100                __smakebuf_r
 .text._raise_r
                0x000000000800b180       0x50 c:/st/stm32cubeide_1.11.2/stm32cubeide/plugins/com.st.stm32cube.ide.mcu.externaltools.gnu-tools-for-stm32.10.3-2021.10.win32_1.0.100.202210260954/tools/bin/../lib/gcc/arm-none-eabi/10.3.1/../../../../arm-none-eabi/lib/thumb/v7e-m+dp/hard\libc_nano.a(lib_a-signal.o)
                0x000000000800b180                _raise_r
 .text.raise    0x000000000800b1d0       0x10 c:/st/stm32cubeide_1.11.2/stm32cubeide/plugins/com.st.stm32cube.ide.mcu.externaltools.gnu-tools-for-stm32.10.3-2021.10.win32_1.0.100.202210260954/tools/bin/../lib/gcc/arm-none-eabi/10.3.1/../../../../arm-none-eabi/lib/thumb/v7e-m+dp/hard\libc_nano.a(lib_a-signal.o)
                0x000000000800b1d0                raise
 .text._kill_r  0x000000000800b1e0       0x24 c:/st/stm32cubeide_1.11.2/stm32cubeide/plugins/com.st.stm32cube.ide.mcu.externaltools.gnu-tools-for-stm32.10.3-2021.10.win32_1.0.100.202210260954/tools/bin/../lib/gcc/arm-none-eabi/10.3.1/../../../../arm-none-eabi/lib/thumb/v7e-m+dp/hard\libc_nano.a(lib_a-signalr.o)
                0x000000000800b1e0                _kill_r
 .text._getpid_r
                0x000000000800b204        0x4 c:/st/stm32cubeide_1.11.2/stm32cubeide/plugins/com.st.stm32cube.ide.mcu.externaltools.gnu-tools-for-stm32.10.3-2021.10.win32_1.0.100.202210260954/tools/bin/../lib/gcc/arm-none-eabi/10.3.1/../../../../arm-none-eabi/lib/thumb/v7e-m+dp/hard\libc_nano.a(lib_a-signalr.o)
                0x000000000800b204                _getpid_r
 .text.__sread  0x000000000800b208       0x22 c:/st/stm32cubeide_1.11.2/stm32cubeide/plugins/com.st.stm32cube.ide.mcu.externaltools.gnu-tools-for-stm32.10.3-2021.10.win32_1.0.100.202210260954/tools/bin/../lib/gcc/arm-none-eabi/10.3.1/../../../../arm-none-eabi/lib/thumb/v7e-m+dp/hard\libc_nano.a(lib_a-stdio.o)
                0x000000000800b208                __sread
 .text.__swrite
                0x000000000800b22a       0x38 c:/st/stm32cubeide_1.11.2/stm32cubeide/plugins/com.st.stm32cube.ide.mcu.externaltools.gnu-tools-for-stm32.10.3-2021.10.win32_1.0.100.202210260954/tools/bin/../lib/gcc/arm-none-eabi/10.3.1/../../../../arm-none-eabi/lib/thumb/v7e-m+dp/hard\libc_nano.a(lib_a-stdio.o)
                0x000000000800b22a                __swrite
 .text.__sseek  0x000000000800b262       0x24 c:/st/stm32cubeide_1.11.2/stm32cubeide/plugins/com.st.stm32cube.ide.mcu.externaltools.gnu-tools-for-stm32.10.3-2021.10.win32_1.0.100.202210260954/tools/bin/../lib/gcc/arm-none-eabi/10.3.1/../../../../arm-none-eabi/lib/thumb/v7e-m+dp/hard\libc_nano.a(lib_a-stdio.o)
                0x000000000800b262                __sseek
 .text.__sclose
                0x000000000800b286        0x8 c:/st/stm32cubeide_1.11.2/stm32cubeide/plugins/com.st.stm32cube.ide.mcu.externaltools.gnu-tools-for-stm32.10.3-2021.10.win32_1.0.100.202210260954/tools/bin/../lib/gcc/arm-none-eabi/10.3.1/../../../../arm-none-eabi/lib/thumb/v7e-m+dp/hard\libc_nano.a(lib_a-stdio.o)
                0x000000000800b286                __sclose
 *fill*         0x000000000800b28e        0x2 
 .text._write_r
                0x000000000800b290       0x24 c:/st/stm32cubeide_1.11.2/stm32cubeide/plugins/com.st.stm32cube.ide.mcu.externaltools.gnu-tools-for-stm32.10.3-2021.10.win32_1.0.100.202210260954/tools/bin/../lib/gcc/arm-none-eabi/10.3.1/../../../../arm-none-eabi/lib/thumb/v7e-m+dp/hard\libc_nano.a(lib_a-writer.o)
                0x000000000800b290                _write_r
 .text._close_r
                0x000000000800b2b4       0x20 c:/st/stm32cubeide_1.11.2/stm32cubeide/plugins/com.st.stm32cube.ide.mcu.externaltools.gnu-tools-for-stm32.10.3-2021.10.win32_1.0.100.202210260954/tools/bin/../lib/gcc/arm-none-eabi/10.3.1/../../../../arm-none-eabi/lib/thumb/v7e-m+dp/hard\libc_nano.a(lib_a-closer.o)
                0x000000000800b2b4                _close_r
 .text._fstat_r
                0x000000000800b2d4       0x24 c:/st/stm32cubeide_1.11.2/stm32cubeide/plugins/com.st.stm32cube.ide.mcu.externaltools.gnu-tools-for-stm32.10.3-2021.10.win32_1.0.100.202210260954/tools/bin/../lib/gcc/arm-none-eabi/10.3.1/../../../../arm-none-eabi/lib/thumb/v7e-m+dp/hard\libc_nano.a(lib_a-fstatr.o)
                0x000000000800b2d4                _fstat_r
 .text._isatty_r
                0x000000000800b2f8       0x20 c:/st/stm32cubeide_1.11.2/stm32cubeide/plugins/com.st.stm32cube.ide.mcu.externaltools.gnu-tools-for-stm32.10.3-2021.10.win32_1.0.100.202210260954/tools/bin/../lib/gcc/arm-none-eabi/10.3.1/../../../../arm-none-eabi/lib/thumb/v7e-m+dp/hard\libc_nano.a(lib_a-isattyr.o)
                0x000000000800b2f8                _isatty_r
 .text._lseek_r
                0x000000000800b318       0x24 c:/st/stm32cubeide_1.11.2/stm32cubeide/plugins/com.st.stm32cube.ide.mcu.externaltools.gnu-tools-for-stm32.10.3-2021.10.win32_1.0.100.202210260954/tools/bin/../lib/gcc/arm-none-eabi/10.3.1/../../../../arm-none-eabi/lib/thumb/v7e-m+dp/hard\libc_nano.a(lib_a-lseekr.o)
                0x000000000800b318                _lseek_r
 .text._read_r  0x000000000800b33c       0x24 c:/st/stm32cubeide_1.11.2/stm32cubeide/plugins/com.st.stm32cube.ide.mcu.externaltools.gnu-tools-for-stm32.10.3-2021.10.win32_1.0.100.202210260954/tools/bin/../lib/gcc/arm-none-eabi/10.3.1/../../../../arm-none-eabi/lib/thumb/v7e-m+dp/hard\libc_nano.a(lib_a-readr.o)
                0x000000000800b33c                _read_r
 .text._close   0x000000000800b360       0x10 c:/st/stm32cubeide_1.11.2/stm32cubeide/plugins/com.st.stm32cube.ide.mcu.externaltools.gnu-tools-for-stm32.10.3-2021.10.win32_1.0.100.202210260954/tools/bin/../lib/gcc/arm-none-eabi/10.3.1/../../../../arm-none-eabi/lib/thumb/v7e-m+dp/hard\libnosys.a(close.o)
                0x000000000800b360                _close
 .text._fstat   0x000000000800b370       0x10 c:/st/stm32cubeide_1.11.2/stm32cubeide/plugins/com.st.stm32cube.ide.mcu.externaltools.gnu-tools-for-stm32.10.3-2021.10.win32_1.0.100.202210260954/tools/bin/../lib/gcc/arm-none-eabi/10.3.1/../../../../arm-none-eabi/lib/thumb/v7e-m+dp/hard\libnosys.a(fstat.o)
                0x000000000800b370                _fstat
 .text._getpid  0x000000000800b380       0x10 c:/st/stm32cubeide_1.11.2/stm32cubeide/plugins/com.st.stm32cube.ide.mcu.externaltools.gnu-tools-for-stm32.10.3-2021.10.win32_1.0.100.202210260954/tools/bin/../lib/gcc/arm-none-eabi/10.3.1/../../../../arm-none-eabi/lib/thumb/v7e-m+dp/hard\libnosys.a(getpid.o)
                0x000000000800b380                _getpid
 .text._isatty  0x000000000800b390       0x10 c:/st/stm32cubeide_1.11.2/stm32cubeide/plugins/com.st.stm32cube.ide.mcu.externaltools.gnu-tools-for-stm32.10.3-2021.10.win32_1.0.100.202210260954/tools/bin/../lib/gcc/arm-none-eabi/10.3.1/../../../../arm-none-eabi/lib/thumb/v7e-m+dp/hard\libnosys.a(isatty.o)
                0x000000000800b390                _isatty
 .text._kill    0x000000000800b3a0       0x10 c:/st/stm32cubeide_1.11.2/stm32cubeide/plugins/com.st.stm32cube.ide.mcu.externaltools.gnu-tools-for-stm32.10.3-2021.10.win32_1.0.100.202210260954/tools/bin/../lib/gcc/arm-none-eabi/10.3.1/../../../../arm-none-eabi/lib/thumb/v7e-m+dp/hard\libnosys.a(kill.o)
                0x000000000800b3a0                _kill
 .text._lseek   0x000000000800b3b0       0x10 c:/st/stm32cubeide_1.11.2/stm32cubeide/plugins/com.st.stm32cube.ide.mcu.externaltools.gnu-tools-for-stm32.10.3-2021.10.win32_1.0.100.202210260954/tools/bin/../lib/gcc/arm-none-eabi/10.3.1/../../../../arm-none-eabi/lib/thumb/v7e-m+dp/hard\libnosys.a(lseek.o)
                0x000000000800b3b0                _lseek
 .text._read    0x000000000800b3c0       0x10 c:/st/stm32cubeide_1.11.2/stm32cubeide/plugins/com.st.stm32cube.ide.mcu.externaltools.gnu-tools-for-stm32.10.3-2021.10.win32_1.0.100.202210260954/tools/bin/../lib/gcc/arm-none-eabi/10.3.1/../../../../arm-none-eabi/lib/thumb/v7e-m+dp/hard\libnosys.a(read.o)
                0x000000000800b3c0                _read
 .text._write   0x000000000800b3d0       0x10 c:/st/stm32cubeide_1.11.2/stm32cubeide/plugins/com.st.stm32cube.ide.mcu.externaltools.gnu-tools-for-stm32.10.3-2021.10.win32_1.0.100.202210260954/tools/bin/../lib/gcc/arm-none-eabi/10.3.1/../../../../arm-none-eabi/lib/thumb/v7e-m+dp/hard\libnosys.a(write.o)
                0x000000000800b3d0                _write
 .text._exit    0x000000000800b3e0        0x2 c:/st/stm32cubeide_1.11.2/stm32cubeide/plugins/com.st.stm32cube.ide.mcu.externaltools.gnu-tools-for-stm32.10.3-2021.10.win32_1.0.100.202210260954/tools/bin/../lib/gcc/arm-none-eabi/10.3.1/../../../../arm-none-eabi/lib/thumb/v7e-m+dp/hard\libnosys.a(_exit.o)
                0x000000000800b3e0                _exit
 *(.glue_7)
 .glue_7        0x000000000800b3e2        0x0 linker stubs
 *(.glue_7t)
 .glue_7t       0x000000000800b3e2        0x0 linker stubs
 *(.eh_frame)
 *fill*         0x000000000800b3e2        0x2 
 .eh_frame      0x000000000800b3e4        0x0 c:/st/stm32cubeide_1.11.2/stm32cubeide/plugins/com.st.stm32cube.ide.mcu.externaltools.gnu-tools-for-stm32.10.3-2021.10.win32_1.0.100.202210260954/tools/bin/../lib/gcc/arm-none-eabi/10.3.1/thumb/v7e-m+dp/hard/crtbegin.o
 *(.init)
 .init          0x000000000800b3e4        0x4 c:/st/stm32cubeide_1.11.2/stm32cubeide/plugins/com.st.stm32cube.ide.mcu.externaltools.gnu-tools-for-stm32.10.3-2021.10.win32_1.0.100.202210260954/tools/bin/../lib/gcc/arm-none-eabi/10.3.1/thumb/v7e-m+dp/hard/crti.o
                0x000000000800b3e4                _init
 .init          0x000000000800b3e8        0x8 c:/st/stm32cubeide_1.11.2/stm32cubeide/plugins/com.st.stm32cube.ide.mcu.externaltools.gnu-tools-for-stm32.10.3-2021.10.win32_1.0.100.202210260954/tools/bin/../lib/gcc/arm-none-eabi/10.3.1/thumb/v7e-m+dp/hard/crtn.o
 *(.fini)
 .fini          0x000000000800b3f0        0x4 c:/st/stm32cubeide_1.11.2/stm32cubeide/plugins/com.st.stm32cube.ide.mcu.externaltools.gnu-tools-for-stm32.10.3-2021.10.win32_1.0.100.202210260954/tools/bin/../lib/gcc/arm-none-eabi/10.3.1/thumb/v7e-m+dp/hard/crti.o
                0x000000000800b3f0                _fini
 .fini          0x000000000800b3f4        0x8 c:/st/stm32cubeide_1.11.2/stm32cubeide/plugins/com.st.stm32cube.ide.mcu.externaltools.gnu-tools-for-stm32.10.3-2021.10.win32_1.0.100.202210260954/tools/bin/../lib/gcc/arm-none-eabi/10.3.1/thumb/v7e-m+dp/hard/crtn.o
                0x000000000800b3fc                . = ALIGN (0x4)
                0x000000000800b3fc                _etext = .

.vfp11_veneer   0x000000000800b3fc        0x0
 .vfp11_veneer  0x000000000800b3fc        0x0 linker stubs

.v4_bx          0x000000000800b3fc        0x0
 .v4_bx         0x000000000800b3fc        0x0 linker stubs

.iplt           0x000000000800b3fc        0x0
 .iplt          0x000000000800b3fc        0x0 c:/st/stm32cubeide_1.11.2/stm32cubeide/plugins/com.st.stm32cube.ide.mcu.externaltools.gnu-tools-for-stm32.10.3-2021.10.win32_1.0.100.202210260954/tools/bin/../lib/gcc/arm-none-eabi/10.3.1/thumb/v7e-m+dp/hard/crtbegin.o

.rodata         0x000000000800b400      0xa64
                0x000000000800b400                . = ALIGN (0x4)
 *(.rodata)
 .rodata        0x000000000800b400       0xd8 ./Core/Src/main.o
 .rodata        0x000000000800b4d8       0x30 ./X-CUBE-AI/App/sine_model_data.o
 *(.rodata*)
 .rodata.D1CorePrescTable
                0x000000000800b508       0x10 ./Core/Src/system_stm32h7xx.o
                0x000000000800b508                D1CorePrescTable
 .rodata.UARTPrescTable
                0x000000000800b518       0x18 ./Drivers/STM32H7xx_HAL_Driver/Src/stm32h7xx_hal_uart.o
                0x000000000800b518                UARTPrescTable
 .rodata.numerator.1
                0x000000000800b530        0x8 ./Drivers/STM32H7xx_HAL_Driver/Src/stm32h7xx_hal_uart_ex.o
 .rodata.denominator.0
                0x000000000800b538        0x8 ./Drivers/STM32H7xx_HAL_Driver/Src/stm32h7xx_hal_uart_ex.o
 .rodata.dense_11_dense_chain
                0x000000000800b540        0x8 ./X-CUBE-AI/App/sine_model.o
 .rodata.dense_10_chain
                0x000000000800b548        0x8 ./X-CUBE-AI/App/sine_model.o
 .rodata.dense_10_dense_chain
                0x000000000800b550        0x8 ./X-CUBE-AI/App/sine_model.o
 .rodata.dense_9_chain
                0x000000000800b558        0x8 ./X-CUBE-AI/App/sine_model.o
 .rodata.dense_9_dense_chain
                0x000000000800b560        0x8 ./X-CUBE-AI/App/sine_model.o
 *fill*         0x000000000800b568       0x18 
 .rodata.s_sine_model_weights_array_u64
                0x000000000800b580      0x508 ./X-CUBE-AI/App/sine_model_data_params.o
                0x000000000800b580                s_sine_model_weights_array_u64
 .rodata._global_impure_ptr
                0x000000000800ba88        0x4 c:/st/stm32cubeide_1.11.2/stm32cubeide/plugins/com.st.stm32cube.ide.mcu.externaltools.gnu-tools-for-stm32.10.3-2021.10.win32_1.0.100.202210260954/tools/bin/../lib/gcc/arm-none-eabi/10.3.1/../../../../arm-none-eabi/lib/thumb/v7e-m+dp/hard\libc_nano.a(lib_a-impure.o)
                0x000000000800ba88                _global_impure_ptr
 .rodata._printf_float.str1.1
                0x000000000800ba8c       0x12 c:/st/stm32cubeide_1.11.2/stm32cubeide/plugins/com.st.stm32cube.ide.mcu.externaltools.gnu-tools-for-stm32.10.3-2021.10.win32_1.0.100.202210260954/tools/bin/../lib/gcc/arm-none-eabi/10.3.1/../../../../arm-none-eabi/lib/thumb/v7e-m+dp/hard\libc_nano.a(lib_a-nano-vfprintf_float.o)
 .rodata._printf_i.str1.1
                0x000000000800ba9e       0x22 c:/st/stm32cubeide_1.11.2/stm32cubeide/plugins/com.st.stm32cube.ide.mcu.externaltools.gnu-tools-for-stm32.10.3-2021.10.win32_1.0.100.202210260954/tools/bin/../lib/gcc/arm-none-eabi/10.3.1/../../../../arm-none-eabi/lib/thumb/v7e-m+dp/hard\libc_nano.a(lib_a-nano-vfprintf_i.o)
 .rodata._dtoa_r.str1.1
                0x000000000800bac0       0x90 c:/st/stm32cubeide_1.11.2/stm32cubeide/plugins/com.st.stm32cube.ide.mcu.externaltools.gnu-tools-for-stm32.10.3-2021.10.win32_1.0.100.202210260954/tools/bin/../lib/gcc/arm-none-eabi/10.3.1/../../../../arm-none-eabi/lib/thumb/v7e-m+dp/hard\libc_nano.a(lib_a-dtoa.o)
                                         0x92 (size before relaxing)
 .rodata._Balloc.str1.1
                0x000000000800bb50       0x5c c:/st/stm32cubeide_1.11.2/stm32cubeide/plugins/com.st.stm32cube.ide.mcu.externaltools.gnu-tools-for-stm32.10.3-2021.10.win32_1.0.100.202210260954/tools/bin/../lib/gcc/arm-none-eabi/10.3.1/../../../../arm-none-eabi/lib/thumb/v7e-m+dp/hard\libc_nano.a(lib_a-mprec.o)
                                         0x73 (size before relaxing)
 .rodata.__multadd.str1.1
                0x000000000800bbac       0x11 c:/st/stm32cubeide_1.11.2/stm32cubeide/plugins/com.st.stm32cube.ide.mcu.externaltools.gnu-tools-for-stm32.10.3-2021.10.win32_1.0.100.202210260954/tools/bin/../lib/gcc/arm-none-eabi/10.3.1/../../../../arm-none-eabi/lib/thumb/v7e-m+dp/hard\libc_nano.a(lib_a-mprec.o)
 *fill*         0x000000000800bbac        0x4 
 .rodata.__mprec_bigtens
                0x000000000800bbb0       0x28 c:/st/stm32cubeide_1.11.2/stm32cubeide/plugins/com.st.stm32cube.ide.mcu.externaltools.gnu-tools-for-stm32.10.3-2021.10.win32_1.0.100.202210260954/tools/bin/../lib/gcc/arm-none-eabi/10.3.1/../../../../arm-none-eabi/lib/thumb/v7e-m+dp/hard\libc_nano.a(lib_a-mprec.o)
                0x000000000800bbb0                __mprec_bigtens
 .rodata.__mprec_tens
                0x000000000800bbd8       0xc8 c:/st/stm32cubeide_1.11.2/stm32cubeide/plugins/com.st.stm32cube.ide.mcu.externaltools.gnu-tools-for-stm32.10.3-2021.10.win32_1.0.100.202210260954/tools/bin/../lib/gcc/arm-none-eabi/10.3.1/../../../../arm-none-eabi/lib/thumb/v7e-m+dp/hard\libc_nano.a(lib_a-mprec.o)
                0x000000000800bbd8                __mprec_tens
 .rodata.p05.0  0x000000000800bca0        0xc c:/st/stm32cubeide_1.11.2/stm32cubeide/plugins/com.st.stm32cube.ide.mcu.externaltools.gnu-tools-for-stm32.10.3-2021.10.win32_1.0.100.202210260954/tools/bin/../lib/gcc/arm-none-eabi/10.3.1/../../../../arm-none-eabi/lib/thumb/v7e-m+dp/hard\libc_nano.a(lib_a-mprec.o)
 .rodata._svfprintf_r.str1.1
                0x000000000800bcac       0x11 c:/st/stm32cubeide_1.11.2/stm32cubeide/plugins/com.st.stm32cube.ide.mcu.externaltools.gnu-tools-for-stm32.10.3-2021.10.win32_1.0.100.202210260954/tools/bin/../lib/gcc/arm-none-eabi/10.3.1/../../../../arm-none-eabi/lib/thumb/v7e-m+dp/hard\libc_nano.a(lib_a-nano-svfprintf.o)
 .rodata.__assert_func.str1.1
                0x000000000800bcbd       0x3c c:/st/stm32cubeide_1.11.2/stm32cubeide/plugins/com.st.stm32cube.ide.mcu.externaltools.gnu-tools-for-stm32.10.3-2021.10.win32_1.0.100.202210260954/tools/bin/../lib/gcc/arm-none-eabi/10.3.1/../../../../arm-none-eabi/lib/thumb/v7e-m+dp/hard\libc_nano.a(lib_a-assert.o)
                                         0x3d (size before relaxing)
 .rodata._setlocale_r.str1.1
                0x000000000800bcf9        0x8 c:/st/stm32cubeide_1.11.2/stm32cubeide/plugins/com.st.stm32cube.ide.mcu.externaltools.gnu-tools-for-stm32.10.3-2021.10.win32_1.0.100.202210260954/tools/bin/../lib/gcc/arm-none-eabi/10.3.1/../../../../arm-none-eabi/lib/thumb/v7e-m+dp/hard\libc_nano.a(lib_a-locale.o)
                                          0x9 (size before relaxing)
 .rodata.str1.1
                0x000000000800bd01        0x2 c:/st/stm32cubeide_1.11.2/stm32cubeide/plugins/com.st.stm32cube.ide.mcu.externaltools.gnu-tools-for-stm32.10.3-2021.10.win32_1.0.100.202210260954/tools/bin/../lib/gcc/arm-none-eabi/10.3.1/../../../../arm-none-eabi/lib/thumb/v7e-m+dp/hard\libc_nano.a(lib_a-locale.o)
 .rodata._vfprintf_r.str1.1
                0x000000000800bd03       0x11 c:/st/stm32cubeide_1.11.2/stm32cubeide/plugins/com.st.stm32cube.ide.mcu.externaltools.gnu-tools-for-stm32.10.3-2021.10.win32_1.0.100.202210260954/tools/bin/../lib/gcc/arm-none-eabi/10.3.1/../../../../arm-none-eabi/lib/thumb/v7e-m+dp/hard\libc_nano.a(lib_a-nano-vfprintf.o)
 .rodata._ctype_
                0x000000000800bd03      0x101 c:/st/stm32cubeide_1.11.2/stm32cubeide/plugins/com.st.stm32cube.ide.mcu.externaltools.gnu-tools-for-stm32.10.3-2021.10.win32_1.0.100.202210260954/tools/bin/../lib/gcc/arm-none-eabi/10.3.1/../../../../arm-none-eabi/lib/thumb/v7e-m+dp/hard\libc_nano.a(lib_a-ctype_.o)
                0x000000000800bd03                _ctype_
 .rodata.__sf_fake_stderr
                0x000000000800be04       0x20 c:/st/stm32cubeide_1.11.2/stm32cubeide/plugins/com.st.stm32cube.ide.mcu.externaltools.gnu-tools-for-stm32.10.3-2021.10.win32_1.0.100.202210260954/tools/bin/../lib/gcc/arm-none-eabi/10.3.1/../../../../arm-none-eabi/lib/thumb/v7e-m+dp/hard\libc_nano.a(lib_a-findfp.o)
                0x000000000800be04                __sf_fake_stderr
 .rodata.__sf_fake_stdin
                0x000000000800be24       0x20 c:/st/stm32cubeide_1.11.2/stm32cubeide/plugins/com.st.stm32cube.ide.mcu.externaltools.gnu-tools-for-stm32.10.3-2021.10.win32_1.0.100.202210260954/tools/bin/../lib/gcc/arm-none-eabi/10.3.1/../../../../arm-none-eabi/lib/thumb/v7e-m+dp/hard\libc_nano.a(lib_a-findfp.o)
                0x000000000800be24                __sf_fake_stdin
 .rodata.__sf_fake_stdout
                0x000000000800be44       0x20 c:/st/stm32cubeide_1.11.2/stm32cubeide/plugins/com.st.stm32cube.ide.mcu.externaltools.gnu-tools-for-stm32.10.3-2021.10.win32_1.0.100.202210260954/tools/bin/../lib/gcc/arm-none-eabi/10.3.1/../../../../arm-none-eabi/lib/thumb/v7e-m+dp/hard\libc_nano.a(lib_a-findfp.o)
                0x000000000800be44                __sf_fake_stdout
                0x000000000800be64                . = ALIGN (0x4)

.ARM.extab
 *(.ARM.extab* .gnu.linkonce.armextab.*)

.ARM            0x000000000800be64        0x8
                0x000000000800be64                __exidx_start = .
 *(.ARM.exidx*)
 .ARM.exidx     0x000000000800be64        0x8 c:/st/stm32cubeide_1.11.2/stm32cubeide/plugins/com.st.stm32cube.ide.mcu.externaltools.gnu-tools-for-stm32.10.3-2021.10.win32_1.0.100.202210260954/tools/bin/../lib/gcc/arm-none-eabi/10.3.1/thumb/v7e-m+dp/hard\libgcc.a(_udivmoddi4.o)
                0x000000000800be6c                __exidx_end = .

.rel.dyn        0x000000000800be6c        0x0
 .rel.iplt      0x000000000800be6c        0x0 c:/st/stm32cubeide_1.11.2/stm32cubeide/plugins/com.st.stm32cube.ide.mcu.externaltools.gnu-tools-for-stm32.10.3-2021.10.win32_1.0.100.202210260954/tools/bin/../lib/gcc/arm-none-eabi/10.3.1/thumb/v7e-m+dp/hard/crtbegin.o

.preinit_array  0x000000000800be6c        0x0
                0x000000000800be6c                PROVIDE (__preinit_array_start = .)
 *(.preinit_array*)
                0x000000000800be6c                PROVIDE (__preinit_array_end = .)

.init_array     0x000000000800be6c        0x4
                0x000000000800be6c                PROVIDE (__init_array_start = .)
 *(SORT_BY_NAME(.init_array.*))
 *(.init_array*)
 .init_array    0x000000000800be6c        0x4 c:/st/stm32cubeide_1.11.2/stm32cubeide/plugins/com.st.stm32cube.ide.mcu.externaltools.gnu-tools-for-stm32.10.3-2021.10.win32_1.0.100.202210260954/tools/bin/../lib/gcc/arm-none-eabi/10.3.1/thumb/v7e-m+dp/hard/crtbegin.o
                0x000000000800be70                PROVIDE (__init_array_end = .)

.fini_array     0x000000000800be70        0x4
                [!provide]                        PROVIDE (__fini_array_start = .)
 *(SORT_BY_NAME(.fini_array.*))
 *(.fini_array*)
 .fini_array    0x000000000800be70        0x4 c:/st/stm32cubeide_1.11.2/stm32cubeide/plugins/com.st.stm32cube.ide.mcu.externaltools.gnu-tools-for-stm32.10.3-2021.10.win32_1.0.100.202210260954/tools/bin/../lib/gcc/arm-none-eabi/10.3.1/thumb/v7e-m+dp/hard/crtbegin.o
                [!provide]                        PROVIDE (__fini_array_end = .)
                0x000000000800be74                _sidata = LOADADDR (.data)

.data           0x0000000024000000      0x874 load address 0x000000000800be74
                0x0000000024000000                . = ALIGN (0x4)
                0x0000000024000000                _sdata = .
 *(.data)
 *(.data*)
 .data.SystemCoreClock
                0x0000000024000000        0x4 ./Core/Src/system_stm32h7xx.o
                0x0000000024000000                SystemCoreClock
 .data.SystemD2Clock
                0x0000000024000004        0x4 ./Core/Src/system_stm32h7xx.o
                0x0000000024000004                SystemD2Clock
 .data.uwTickPrio
                0x0000000024000008        0x4 ./Drivers/STM32H7xx_HAL_Driver/Src/stm32h7xx_hal.o
                0x0000000024000008                uwTickPrio
 .data.uwTickFreq
                0x000000002400000c        0x1 ./Drivers/STM32H7xx_HAL_Driver/Src/stm32h7xx_hal.o
                0x000000002400000c                uwTickFreq
 *fill*         0x000000002400000d        0x3 
 .data.input_0_output_array
                0x0000000024000010       0x10 ./X-CUBE-AI/App/sine_model.o
 .data.dense_11_dense_weights_array
                0x0000000024000020       0x10 ./X-CUBE-AI/App/sine_model.o
 .data.dense_9_dense_output_array
                0x0000000024000030       0x10 ./X-CUBE-AI/App/sine_model.o
 .data.dense_9_output_array
                0x0000000024000040       0x10 ./X-CUBE-AI/App/sine_model.o
 .data.dense_11_dense_bias_array
                0x0000000024000050       0x10 ./X-CUBE-AI/App/sine_model.o
 .data.dense_10_dense_output_array
                0x0000000024000060       0x10 ./X-CUBE-AI/App/sine_model.o
 .data.dense_10_output_array
                0x0000000024000070       0x10 ./X-CUBE-AI/App/sine_model.o
 .data.dense_11_dense_output_array
                0x0000000024000080       0x10 ./X-CUBE-AI/App/sine_model.o
 .data.dense_9_dense_weights_array
                0x0000000024000090       0x10 ./X-CUBE-AI/App/sine_model.o
 .data.dense_9_dense_bias_array
                0x00000000240000a0       0x10 ./X-CUBE-AI/App/sine_model.o
 .data.dense_10_dense_weights_array
                0x00000000240000b0       0x10 ./X-CUBE-AI/App/sine_model.o
 .data.dense_10_dense_bias_array
                0x00000000240000c0       0x10 ./X-CUBE-AI/App/sine_model.o
 .data.__compound_literal.0
                0x00000000240000d0       0x10 ./X-CUBE-AI/App/sine_model.o
 .data.__compound_literal.1
                0x00000000240000e0       0x10 ./X-CUBE-AI/App/sine_model.o
 .data.input_0_output
                0x00000000240000f0       0x1c ./X-CUBE-AI/App/sine_model.o
 .data.__compound_literal.2
                0x000000002400010c       0x10 ./X-CUBE-AI/App/sine_model.o
 .data.__compound_literal.3
                0x000000002400011c       0x10 ./X-CUBE-AI/App/sine_model.o
 .data.dense_11_dense_weights
                0x000000002400012c       0x1c ./X-CUBE-AI/App/sine_model.o
 .data.__compound_literal.4
                0x0000000024000148       0x10 ./X-CUBE-AI/App/sine_model.o
 .data.__compound_literal.5
                0x0000000024000158       0x10 ./X-CUBE-AI/App/sine_model.o
 .data.dense_9_dense_output
                0x0000000024000168       0x1c ./X-CUBE-AI/App/sine_model.o
 .data.__compound_literal.6
                0x0000000024000184       0x10 ./X-CUBE-AI/App/sine_model.o
 .data.__compound_literal.7
                0x0000000024000194       0x10 ./X-CUBE-AI/App/sine_model.o
 .data.dense_9_output
                0x00000000240001a4       0x1c ./X-CUBE-AI/App/sine_model.o
 .data.__compound_literal.8
                0x00000000240001c0       0x10 ./X-CUBE-AI/App/sine_model.o
 .data.__compound_literal.9
                0x00000000240001d0       0x10 ./X-CUBE-AI/App/sine_model.o
 .data.dense_11_dense_bias
                0x00000000240001e0       0x1c ./X-CUBE-AI/App/sine_model.o
 .data.__compound_literal.10
                0x00000000240001fc       0x10 ./X-CUBE-AI/App/sine_model.o
 .data.__compound_literal.11
                0x000000002400020c       0x10 ./X-CUBE-AI/App/sine_model.o
 .data.dense_10_dense_output
                0x000000002400021c       0x1c ./X-CUBE-AI/App/sine_model.o
 .data.__compound_literal.12
                0x0000000024000238       0x10 ./X-CUBE-AI/App/sine_model.o
 .data.__compound_literal.13
                0x0000000024000248       0x10 ./X-CUBE-AI/App/sine_model.o
 .data.dense_10_output
                0x0000000024000258       0x1c ./X-CUBE-AI/App/sine_model.o
 .data.__compound_literal.14
                0x0000000024000274       0x10 ./X-CUBE-AI/App/sine_model.o
 .data.__compound_literal.15
                0x0000000024000284       0x10 ./X-CUBE-AI/App/sine_model.o
 .data.dense_11_dense_output
                0x0000000024000294       0x1c ./X-CUBE-AI/App/sine_model.o
 .data.__compound_literal.16
                0x00000000240002b0       0x10 ./X-CUBE-AI/App/sine_model.o
 .data.__compound_literal.17
                0x00000000240002c0       0x10 ./X-CUBE-AI/App/sine_model.o
 .data.dense_9_dense_weights
                0x00000000240002d0       0x1c ./X-CUBE-AI/App/sine_model.o
 .data.__compound_literal.18
                0x00000000240002ec       0x10 ./X-CUBE-AI/App/sine_model.o
 .data.__compound_literal.19
                0x00000000240002fc       0x10 ./X-CUBE-AI/App/sine_model.o
 .data.dense_9_dense_bias
                0x000000002400030c       0x1c ./X-CUBE-AI/App/sine_model.o
 .data.__compound_literal.20
                0x0000000024000328       0x10 ./X-CUBE-AI/App/sine_model.o
 .data.__compound_literal.21
                0x0000000024000338       0x10 ./X-CUBE-AI/App/sine_model.o
 .data.dense_10_dense_weights
                0x0000000024000348       0x1c ./X-CUBE-AI/App/sine_model.o
 .data.__compound_literal.22
                0x0000000024000364       0x10 ./X-CUBE-AI/App/sine_model.o
 .data.__compound_literal.23
                0x0000000024000374       0x10 ./X-CUBE-AI/App/sine_model.o
 .data.dense_10_dense_bias
                0x0000000024000384       0x1c ./X-CUBE-AI/App/sine_model.o
 .data.__compound_literal.24
                0x00000000240003a0        0x4 ./X-CUBE-AI/App/sine_model.o
 .data.__compound_literal.25
                0x00000000240003a4        0x4 ./X-CUBE-AI/App/sine_model.o
 .data.__compound_literal.26
                0x00000000240003a8        0x8 ./X-CUBE-AI/App/sine_model.o
 .data.__compound_literal.28
                0x00000000240003b0       0x30 ./X-CUBE-AI/App/sine_model.o
 .data.dense_11_dense_layer
                0x00000000240003e0       0x1c ./X-CUBE-AI/App/sine_model.o
 .data.__compound_literal.29
                0x00000000240003fc        0x4 ./X-CUBE-AI/App/sine_model.o
 .data.__compound_literal.30
                0x0000000024000400        0x4 ./X-CUBE-AI/App/sine_model.o
 .data.__compound_literal.33
                0x0000000024000404       0x30 ./X-CUBE-AI/App/sine_model.o
 .data.dense_10_layer
                0x0000000024000434       0x20 ./X-CUBE-AI/App/sine_model.o
 .data.__compound_literal.34
                0x0000000024000454        0x4 ./X-CUBE-AI/App/sine_model.o
 .data.__compound_literal.35
                0x0000000024000458        0x4 ./X-CUBE-AI/App/sine_model.o
 .data.__compound_literal.36
                0x000000002400045c        0x8 ./X-CUBE-AI/App/sine_model.o
 .data.__compound_literal.38
                0x0000000024000464       0x30 ./X-CUBE-AI/App/sine_model.o
 .data.dense_10_dense_layer
                0x0000000024000494       0x1c ./X-CUBE-AI/App/sine_model.o
 .data.__compound_literal.39
                0x00000000240004b0        0x4 ./X-CUBE-AI/App/sine_model.o
 .data.__compound_literal.40
                0x00000000240004b4        0x4 ./X-CUBE-AI/App/sine_model.o
 .data.__compound_literal.43
                0x00000000240004b8       0x30 ./X-CUBE-AI/App/sine_model.o
 .data.dense_9_layer
                0x00000000240004e8       0x20 ./X-CUBE-AI/App/sine_model.o
 .data.__compound_literal.44
                0x0000000024000508        0x4 ./X-CUBE-AI/App/sine_model.o
 .data.__compound_literal.45
                0x000000002400050c        0x4 ./X-CUBE-AI/App/sine_model.o
 .data.__compound_literal.46
                0x0000000024000510        0x8 ./X-CUBE-AI/App/sine_model.o
 .data.__compound_literal.48
                0x0000000024000518       0x30 ./X-CUBE-AI/App/sine_model.o
 .data.dense_9_dense_layer
                0x0000000024000548       0x1c ./X-CUBE-AI/App/sine_model.o
 .data.__compound_literal.49
                0x0000000024000564       0x10 ./X-CUBE-AI/App/sine_model.o
 .data.__compound_literal.50
                0x0000000024000574       0x1c ./X-CUBE-AI/App/sine_model.o
 .data.__compound_literal.51
                0x0000000024000590       0x10 ./X-CUBE-AI/App/sine_model.o
 .data.__compound_literal.52